"../../../Engine/Plugins/Animation/ControlRig/Content/Controls/DefaultGizmoLibraryNormalized.uasset" 0
"../../../Engine/Plugins/Animation/ControlRig/Content/Controls/DefaultGizmoLibraryNormalized.uexp" 1
"../../../Engine/Plugins/Animation/ACLPlugin/Content/ACLAnimCurveCompressionSettings.uasset" 2
"../../../Engine/Plugins/Animation/ACLPlugin/Content/ACLAnimCurveCompressionSettings.uexp" 3
"../../../Engine/Plugins/Animation/ACLPlugin/Content/ACLAnimBoneCompressionSettings.uasset" 4
"../../../Engine/Plugins/Animation/ACLPlugin/Content/ACLAnimBoneCompressionSettings.uexp" 5
"../../../Engine/Plugins/2D/Paper2D/Content/PlaceholderTextures/DummySpriteTexture.ubulk" 6
"../../../Engine/Plugins/2D/Paper2D/Content/PlaceholderTextures/DummySpriteTexture.uasset" 7
"../../../Engine/Plugins/2D/Paper2D/Content/PlaceholderTextures/DummySpriteTexture.uexp" 8
"../../../Engine/Plugins/2D/Paper2D/Content/DummySprite.uasset" 9
"../../../Engine/Plugins/2D/Paper2D/Content/DummySprite.uexp" 10
"../../../Engine/Plugins/2D/Paper2D/Content/DefaultPaperTerrainMaterial.uasset" 11
"../../../Engine/Plugins/2D/Paper2D/Content/DefaultPaperTerrainMaterial.uexp" 12
"../../../Engine/Content/EngineSounds/Master.uasset" 13
"../../../Engine/Content/EngineSounds/Master.uexp" 14
"../../../Engine/Content/EngineMaterials/DefaultPhysicalMaterial.uasset" 15
"../../../Engine/Content/EngineMaterials/DefaultPhysicalMaterial.uexp" 16
"../../../Engine/Content/EngineMaterials/DefaultDestructiblePhysicalMaterial.uasset" 17
"../../../Engine/Content/EngineMaterials/DefaultDestructiblePhysicalMaterial.uexp" 18
"../../../Engine/Content/EngineFonts/Faces/RobotoLight.uexp" 19
"../../../Engine/Content/EngineFonts/Faces/RobotoLight.uasset" 20
"../../../Engine/Content/EngineFonts/Faces/RobotoLight.ufont" 21
"../../../Engine/Content/EngineFonts/Faces/RobotoBold.uexp" 22
"../../../Engine/Content/EngineFonts/Faces/RobotoBold.uasset" 23
"../../../Engine/Content/EngineFonts/Faces/RobotoBold.ufont" 24
"../../../Engine/Content/EngineFonts/Faces/RobotoRegular.uexp" 25
"../../../Engine/Content/EngineFonts/Faces/RobotoRegular.uasset" 26
"../../../Engine/Content/EngineFonts/Faces/RobotoRegular.ufont" 27
"../../../Engine/Content/EngineFonts/Faces/DroidSansFallback.uexp" 28
"../../../Engine/Content/EngineFonts/Faces/DroidSansFallback.uasset" 29
"../../../Engine/Content/EngineFonts/Faces/DroidSansFallback.ufont" 30
"../../../Engine/Content/EngineFonts/Faces/RobotoItalic.uexp" 31
"../../../Engine/Content/EngineFonts/Faces/RobotoItalic.uasset" 32
"../../../Engine/Content/EngineFonts/Faces/RobotoItalic.ufont" 33
"../../../Engine/Content/EngineFonts/Faces/RobotoBoldItalic.uexp" 34
"../../../Engine/Content/EngineFonts/Faces/RobotoBoldItalic.uasset" 35
"../../../Engine/Content/EngineFonts/Faces/RobotoBoldItalic.ufont" 36
"../../../Engine/Content/EngineFonts/Roboto.uasset" 37
"../../../Engine/Content/EngineFonts/Roboto.uexp" 38
"../../../Engine/Content/Animation/DefaultVariableFrameStrippingSettings.uasset" 39
"../../../Engine/Content/Animation/DefaultVariableFrameStrippingSettings.uexp" 40
"../../../Engine/Content/Animation/DefaultRecorderBoneCompression.uasset" 41
"../../../Engine/Content/Animation/DefaultRecorderBoneCompression.uexp" 42
"../../../Engine/Content/EditorResources/S_Actor.ubulk" 43
"../../../Engine/Content/EditorResources/S_Actor.uasset" 44
"../../../Engine/Content/EditorResources/S_Actor.uexp" 45
"../../../Engine/Content/EditorResources/S_BoxReflectionCapture.uasset" 46
"../../../Engine/Content/EditorResources/S_BoxReflectionCapture.uexp" 47
"../../../Engine/Content/EngineResources/DefaultTexture.ubulk" 48
"../../../Engine/Content/EngineResources/DefaultTexture.uasset" 49
"../../../Engine/Content/EngineResources/DefaultTexture.uexp" 50
"../../../Engine/Content/EngineResources/DefaultTextureCube.uasset" 51
"../../../Engine/Content/EngineResources/DefaultTextureCube.uexp" 52
"../../../Engine/Content/EngineResources/DefaultVolumeTexture2D.uasset" 53
"../../../Engine/Content/EngineResources/DefaultVolumeTexture2D.uexp" 54
"../../../Engine/Content/EngineResources/DefaultVolumeTexture.uasset" 55
"../../../Engine/Content/EngineResources/DefaultVolumeTexture.uexp" 56
"../../../Engine/Content/EditorResources/S_Trigger.ubulk" 57
"../../../Engine/Content/EditorResources/S_Trigger.uasset" 58
"../../../Engine/Content/EditorResources/S_Trigger.uexp" 59
"../../../Engine/Content/EditorResources/S_TriggerBox.uasset" 60
"../../../Engine/Content/EditorResources/S_TriggerBox.uexp" 61
"../../../Engine/Content/EditorResources/S_TriggerCapsule.uasset" 62
"../../../Engine/Content/EditorResources/S_TriggerCapsule.uexp" 63
"../../../Engine/Content/EditorResources/S_TriggerSphere.uasset" 64
"../../../Engine/Content/EditorResources/S_TriggerSphere.uexp" 65
"../../../Engine/Content/EngineMeshes/Sphere.ubulk" 66
"../../../Engine/Content/EngineMeshes/Sphere.uasset" 67
"../../../Engine/Content/EngineMeshes/Sphere.uexp" 68
"../../../Engine/Content/EngineResources/GradientTexture0.uasset" 69
"../../../Engine/Content/EngineResources/GradientTexture0.uexp" 70
"../../../Engine/Content/EngineResources/Black.uasset" 71
"../../../Engine/Content/EngineResources/Black.uexp" 72
"../../../Engine/Plugins/Runtime/MeshModelingToolset/Content/Materials/M_DynamicMeshComponentVtxColor.uasset" 73
"../../../Engine/Plugins/Runtime/MeshModelingToolset/Content/Materials/M_DynamicMeshComponentVtxColor.uexp" 74
"../../../Engine/Plugins/Runtime/HairStrands/Content/Materials/HairMeshesDefaultMaterial.uasset" 75
"../../../Engine/Plugins/Runtime/HairStrands/Content/Materials/HairMeshesDefaultMaterial.uexp" 76
"../../../Engine/Plugins/Runtime/HairStrands/Content/Materials/HairDefaultMaterial.uasset" 77
"../../../Engine/Plugins/Runtime/HairStrands/Content/Materials/HairDefaultMaterial.uexp" 78
"../../../Engine/Plugins/Runtime/HairStrands/Content/Materials/HairGroupColors.uasset" 79
"../../../Engine/Plugins/Runtime/HairStrands/Content/Materials/HairGroupColors.uexp" 80
"../../../Engine/Content/Functions/Engine_MaterialFunctions02/Utility/MakeFloat2.uasset" 81
"../../../Engine/Content/Functions/Engine_MaterialFunctions02/Utility/MakeFloat2.uexp" 82
"../../../Engine/Content/Functions/Engine_MaterialFunctions02/Utility/MakeFloat3.uasset" 83
"../../../Engine/Content/Functions/Engine_MaterialFunctions02/Utility/MakeFloat3.uexp" 84
"../../../Engine/Content/EngineMaterials/HairColorMap.uasset" 85
"../../../Engine/Content/EngineMaterials/HairColorMap.uexp" 86
"../../../Engine/Content/EngineMaterials/HairDebugColor.uasset" 87
"../../../Engine/Content/EngineMaterials/HairDebugColor.uexp" 88
"../../../Engine/Plugins/Runtime/HairStrands/Content/Materials/HairDebugMaterial.uasset" 89
"../../../Engine/Plugins/Runtime/HairStrands/Content/Materials/HairDebugMaterial.uexp" 90
"../../../Engine/Plugins/Runtime/HairStrands/Content/Materials/HairCardsDefaultMaterial.uasset" 91
"../../../Engine/Plugins/Runtime/HairStrands/Content/Materials/HairCardsDefaultMaterial.uexp" 92
"../../../Engine/Plugins/Runtime/AudioWidgets/Content/Resources/ScrubHandleDown_Clamped.uasset" 93
"../../../Engine/Plugins/Runtime/AudioWidgets/Content/Resources/ScrubHandleDown_Clamped.uexp" 94
"../../../Engine/Content/Functions/Engine_MaterialFunctions02/Texturing/CustomRotator.uasset" 95
"../../../Engine/Content/Functions/Engine_MaterialFunctions02/Texturing/CustomRotator.uexp" 96
"../../../Engine/Content/Functions/Engine_MaterialFunctions02/Utility/BreakOutFloat2Components.uasset" 97
"../../../Engine/Content/Functions/Engine_MaterialFunctions02/Utility/BreakOutFloat2Components.uexp" 98
"../../../Engine/Content/Functions/Engine_MaterialFunctions01/Texturing/ScaleUVsByCenter.uasset" 99
"../../../Engine/Content/Functions/Engine_MaterialFunctions01/Texturing/ScaleUVsByCenter.uexp" 100
"../../../Engine/Plugins/Runtime/AudioWidgets/Content/AudioMaterialSlate/Functions/MF_SingleLine_Smooth.uasset" 101
"../../../Engine/Plugins/Runtime/AudioWidgets/Content/AudioMaterialSlate/Functions/MF_SingleLine_Smooth.uexp" 102
"../../../Engine/Plugins/Runtime/AudioWidgets/Content/AudioMaterialSlate/Functions/MF_AngleGradient.uasset" 103
"../../../Engine/Plugins/Runtime/AudioWidgets/Content/AudioMaterialSlate/Functions/MF_AngleGradient.uexp" 104
"../../../Engine/Plugins/Runtime/AudioWidgets/Content/AudioMaterialSlate/Functions/MF_SingleLine.uasset" 105
"../../../Engine/Plugins/Runtime/AudioWidgets/Content/AudioMaterialSlate/Functions/MF_SingleLine.uexp" 106
"../../../Engine/Content/Functions/Engine_MaterialFunctions01/Gradient/SphereGradient-2D.uasset" 107
"../../../Engine/Content/Functions/Engine_MaterialFunctions01/Gradient/SphereGradient-2D.uexp" 108
"../../../Engine/Plugins/Runtime/AudioWidgets/Content/AudioMaterialSlate/M_AudioMaterialToggleButton.uasset" 109
"../../../Engine/Plugins/Runtime/AudioWidgets/Content/AudioMaterialSlate/M_AudioMaterialToggleButton.uexp" 110
"../../../Engine/Plugins/Runtime/AudioWidgets/Content/AudioMaterialSlate/MI_AudioMaterialToggleButton.uasset" 111
"../../../Engine/Plugins/Runtime/AudioWidgets/Content/AudioMaterialSlate/MI_AudioMaterialToggleButton.uexp" 112
"../../../Engine/Content/Functions/Engine_MaterialFunctions02/Utility/VectorLength.uasset" 113
"../../../Engine/Content/Functions/Engine_MaterialFunctions02/Utility/VectorLength.uexp" 114
"../../../Engine/Content/Functions/Engine_MaterialFunctions01/Gradient/GeneratedRoundRect.uasset" 115
"../../../Engine/Content/Functions/Engine_MaterialFunctions01/Gradient/GeneratedRoundRect.uexp" 116
"../../../Engine/Plugins/Runtime/AudioWidgets/Content/AudioMaterialSlate/M_AudioMaterialRoundedSlider.uasset" 117
"../../../Engine/Plugins/Runtime/AudioWidgets/Content/AudioMaterialSlate/M_AudioMaterialRoundedSlider.uexp" 118
"../../../Engine/Plugins/Runtime/AudioWidgets/Content/AudioMaterialSlate/MI_AudioMaterialRoundedSlider.uasset" 119
"../../../Engine/Plugins/Runtime/AudioWidgets/Content/AudioMaterialSlate/MI_AudioMaterialRoundedSlider.uexp" 120
"../../../Engine/Plugins/Runtime/AudioWidgets/Content/AudioMaterialSlate/Functions/MF_Lines.uasset" 121
"../../../Engine/Plugins/Runtime/AudioWidgets/Content/AudioMaterialSlate/Functions/MF_Lines.uexp" 122
"../../../Engine/Content/Functions/Engine_MaterialFunctions02/Lerp_3Color.uasset" 123
"../../../Engine/Content/Functions/Engine_MaterialFunctions02/Lerp_3Color.uexp" 124
"../../../Engine/Plugins/Runtime/AudioWidgets/Content/AudioMaterialSlate/M_AudioMaterialMeter.uasset" 125
"../../../Engine/Plugins/Runtime/AudioWidgets/Content/AudioMaterialSlate/M_AudioMaterialMeter.uexp" 126
"../../../Engine/Plugins/Runtime/AudioWidgets/Content/AudioMaterialSlate/MI_AudioMaterialMeter.uasset" 127
"../../../Engine/Plugins/Runtime/AudioWidgets/Content/AudioMaterialSlate/MI_AudioMaterialMeter.uexp" 128
"../../../Engine/Plugins/Runtime/AudioWidgets/Content/AudioMaterialSlate/M_AudioMaterialKnob.uasset" 129
"../../../Engine/Plugins/Runtime/AudioWidgets/Content/AudioMaterialSlate/M_AudioMaterialKnob.uexp" 130
"../../../Engine/Plugins/Runtime/AudioWidgets/Content/AudioMaterialSlate/MI_AudioMaterialKnob.uasset" 131
"../../../Engine/Plugins/Runtime/AudioWidgets/Content/AudioMaterialSlate/MI_AudioMaterialKnob.uexp" 132
"../../../Engine/Plugins/Runtime/AudioWidgets/Content/AudioMaterialSlate/Functions/MF_DotOutlined.uasset" 133
"../../../Engine/Plugins/Runtime/AudioWidgets/Content/AudioMaterialSlate/Functions/MF_DotOutlined.uexp" 134
"../../../Engine/Plugins/Runtime/AudioWidgets/Content/AudioMaterialSlate/M_AudioMaterialEnvelope_ADSR.uasset" 135
"../../../Engine/Plugins/Runtime/AudioWidgets/Content/AudioMaterialSlate/M_AudioMaterialEnvelope_ADSR.uexp" 136
"../../../Engine/Plugins/Runtime/AudioWidgets/Content/AudioMaterialSlate/MI_AudioMaterialEnvelope_ADSR.uasset" 137
"../../../Engine/Plugins/Runtime/AudioWidgets/Content/AudioMaterialSlate/MI_AudioMaterialEnvelope_ADSR.uexp" 138
"../../../Engine/Content/EngineMaterials/T_Default_Material_Grid_M.ubulk" 139
"../../../Engine/Content/EngineMaterials/T_Default_Material_Grid_M.uasset" 140
"../../../Engine/Content/EngineMaterials/T_Default_Material_Grid_M.uexp" 141
"../../../Engine/Content/EngineMaterials/T_Default_Material_Grid_N.ubulk" 142
"../../../Engine/Content/EngineMaterials/T_Default_Material_Grid_N.uasset" 143
"../../../Engine/Content/EngineMaterials/T_Default_Material_Grid_N.uexp" 144
"../../../Engine/Content/Functions/Engine_MaterialFunctions01/Opacity/CameraDepthFade.uasset" 145
"../../../Engine/Content/Functions/Engine_MaterialFunctions01/Opacity/CameraDepthFade.uexp" 146
"../../../Engine/Content/EngineMaterials/WorldGridMaterial.uasset" 147
"../../../Engine/Content/EngineMaterials/WorldGridMaterial.uexp" 148
"../../../Engine/Plugins/Media/MediaPlate/Content/SM_MediaPlateScreen.ubulk" 149
"../../../Engine/Plugins/Media/MediaPlate/Content/SM_MediaPlateScreen.uasset" 150
"../../../Engine/Plugins/Media/MediaPlate/Content/SM_MediaPlateScreen.uexp" 151
"../../../Engine/Plugins/Interchange/Assets/Content/Functions/MX_UsdPreviewSurface.uasset" 152
"../../../Engine/Plugins/Interchange/Assets/Content/Functions/MX_UsdPreviewSurface.uexp" 153
"../../../Engine/Plugins/Interchange/Assets/Content/Functions/MX_UniformEDF.uasset" 154
"../../../Engine/Plugins/Interchange/Assets/Content/Functions/MX_UniformEDF.uexp" 155
"../../../Engine/Plugins/Interchange/Assets/Content/Functions/MX_TranslucentBSDF.uasset" 156
"../../../Engine/Plugins/Interchange/Assets/Content/Functions/MX_TranslucentBSDF.uexp" 157
"../../../Engine/Plugins/Interchange/Assets/Content/Functions/MX_ThinFilmBSDF.uasset" 158
"../../../Engine/Plugins/Interchange/Assets/Content/Functions/MX_ThinFilmBSDF.uexp" 159
"../../../Engine/Plugins/Interchange/Assets/Content/Functions/MX_SurfaceUnlit.uasset" 160
"../../../Engine/Plugins/Interchange/Assets/Content/Functions/MX_SurfaceUnlit.uexp" 161
"../../../Engine/Plugins/Interchange/Assets/Content/Functions/MX_Surface.uasset" 162
"../../../Engine/Plugins/Interchange/Assets/Content/Functions/MX_Surface.uexp" 163
"../../../Engine/Plugins/Interchange/Assets/Content/Functions/MX_SubsurfaceBSDF.uasset" 164
"../../../Engine/Plugins/Interchange/Assets/Content/Functions/MX_SubsurfaceBSDF.uexp" 165
"../../../Engine/Plugins/Interchange/Assets/Content/Functions/MX_SheenBSDF.uasset" 166
"../../../Engine/Plugins/Interchange/Assets/Content/Functions/MX_SheenBSDF.uexp" 167
"../../../Engine/Plugins/Interchange/Assets/Content/Functions/MX_OrenNayarBSDF.uasset" 168
"../../../Engine/Plugins/Interchange/Assets/Content/Functions/MX_OrenNayarBSDF.uexp" 169
"../../../Engine/Plugins/Interchange/Assets/Content/Utilities/New_LUT.uasset" 170
"../../../Engine/Plugins/Interchange/Assets/Content/Utilities/New_LUT.uexp" 171
"../../../Engine/Content/Functions/Engine_MaterialFunctions03/Math/RemapValueRange.uasset" 172
"../../../Engine/Content/Functions/Engine_MaterialFunctions03/Math/RemapValueRange.uexp" 173
"../../../Engine/Plugins/Interchange/Assets/Content/Functions/MF_Iridescence.uasset" 174
"../../../Engine/Plugins/Interchange/Assets/Content/Functions/MF_Iridescence.uexp" 175
"../../../Engine/Plugins/Interchange/Assets/Content/Functions/MX_StandardSurface.uasset" 176
"../../../Engine/Plugins/Interchange/Assets/Content/Functions/MX_StandardSurface.uexp" 177
"../../../Engine/Plugins/Interchange/Assets/Content/Functions/MX_TransmissionSurface.uasset" 178
"../../../Engine/Plugins/Interchange/Assets/Content/Functions/MX_TransmissionSurface.uexp" 179
"../../../Engine/Plugins/Interchange/Assets/Content/Functions/MX_OpenPBR_Translucent.uasset" 180
"../../../Engine/Plugins/Interchange/Assets/Content/Functions/MX_OpenPBR_Translucent.uexp" 181
"../../../Engine/Plugins/Interchange/Assets/Content/Functions/MX_OpenPBR_Opaque.uasset" 182
"../../../Engine/Plugins/Interchange/Assets/Content/Functions/MX_OpenPBR_Opaque.uexp" 183
"../../../Engine/Plugins/Interchange/Assets/Content/Functions/MX_MeasuredEDF.uasset" 184
"../../../Engine/Plugins/Interchange/Assets/Content/Functions/MX_MeasuredEDF.uexp" 185
"../../../Engine/Plugins/Interchange/Assets/Content/Functions/MX_GeneralizedSchlickBSDF.uasset" 186
"../../../Engine/Plugins/Interchange/Assets/Content/Functions/MX_GeneralizedSchlickBSDF.uexp" 187
"../../../Engine/Plugins/Interchange/Assets/Content/Functions/MX_DielectricBSDF.uasset" 188
"../../../Engine/Plugins/Interchange/Assets/Content/Functions/MX_DielectricBSDF.uexp" 189
"../../../Engine/Plugins/Interchange/Assets/Content/Functions/MX_ConicalEDF.uasset" 190
"../../../Engine/Plugins/Interchange/Assets/Content/Functions/MX_ConicalEDF.uexp" 191
"../../../Engine/Plugins/Interchange/Assets/Content/Functions/MX_ConductorBSDF.uasset" 192
"../../../Engine/Plugins/Interchange/Assets/Content/Functions/MX_ConductorBSDF.uexp" 193
"../../../Engine/Plugins/Interchange/Assets/Content/Functions/MX_BurleyDiffuseBSDF.uasset" 194
"../../../Engine/Plugins/Interchange/Assets/Content/Functions/MX_BurleyDiffuseBSDF.uexp" 195
"../../../Engine/Plugins/Interchange/Assets/Content/Functions/MX_AnisotropicVDF.uasset" 196
"../../../Engine/Plugins/Interchange/Assets/Content/Functions/MX_AnisotropicVDF.uexp" 197
"../../../Engine/Plugins/Interchange/Assets/Content/Functions/MX_AbsorptionVDF.uasset" 198
"../../../Engine/Plugins/Interchange/Assets/Content/Functions/MX_AbsorptionVDF.uexp" 199
"../../../Engine/Plugins/Editor/SpeedTreeImporter/Content/SpeedTree9/game_wind_noise.ubulk" 200
"../../../Engine/Plugins/Editor/SpeedTreeImporter/Content/SpeedTree9/game_wind_noise.uasset" 201
"../../../Engine/Plugins/Editor/SpeedTreeImporter/Content/SpeedTree9/game_wind_noise.uexp" 202
"../../../Engine/Plugins/Editor/SpeedTreeImporter/Content/SpeedTree9/UnpackDirection.uasset" 203
"../../../Engine/Plugins/Editor/SpeedTreeImporter/Content/SpeedTree9/UnpackDirection.uexp" 204
"../../../Engine/Content/Functions/Engine_MaterialFunctions02/ObjectLocalBounds.uasset" 205
"../../../Engine/Content/Functions/Engine_MaterialFunctions02/ObjectLocalBounds.uexp" 206
"../../../Engine/Content/Functions/Engine_MaterialFunctions02/Utility/BreakOutFloat3Components.uasset" 207
"../../../Engine/Content/Functions/Engine_MaterialFunctions02/Utility/BreakOutFloat3Components.uexp" 208
"../../../Engine/Content/Functions/Engine_MaterialFunctions02/UVs/BoundingBoxBased_0-1_UVW.uasset" 209
"../../../Engine/Content/Functions/Engine_MaterialFunctions02/UVs/BoundingBoxBased_0-1_UVW.uexp" 210
"../../../Engine/Plugins/Editor/SpeedTreeImporter/Content/SpeedTree9/UnpackInteger3.uasset" 211
"../../../Engine/Plugins/Editor/SpeedTreeImporter/Content/SpeedTree9/UnpackInteger3.uexp" 212
"../../../Engine/Plugins/Editor/SpeedTreeImporter/Content/SpeedTree9/SpeedTreeCameraFacing.uasset" 213
"../../../Engine/Plugins/Editor/SpeedTreeImporter/Content/SpeedTree9/SpeedTreeCameraFacing.uexp" 214
"../../../Engine/Content/Functions/Engine_MaterialFunctions02/WorldPositionOffset/ObjectScale.uasset" 215
"../../../Engine/Content/Functions/Engine_MaterialFunctions02/WorldPositionOffset/ObjectScale.uexp" 216
"../../../Engine/Content/Functions/Engine_MaterialFunctions02/SafeNormalize.uasset" 217
"../../../Engine/Content/Functions/Engine_MaterialFunctions02/SafeNormalize.uexp" 218
"../../../Engine/Plugins/Editor/SpeedTreeImporter/Content/SpeedTree9/SpeedTreeWindMotion.uasset" 219
"../../../Engine/Plugins/Editor/SpeedTreeImporter/Content/SpeedTree9/SpeedTreeWindMotion.uexp" 220
"../../../Engine/Plugins/Editor/SpeedTreeImporter/Content/SpeedTree9/SpeedTreeBranchMotion.uasset" 221
"../../../Engine/Plugins/Editor/SpeedTreeImporter/Content/SpeedTree9/SpeedTreeBranchMotion.uexp" 222
"../../../Engine/Plugins/Editor/SpeedTreeImporter/Content/SpeedTree9/SpeedTreeWind.uasset" 223
"../../../Engine/Plugins/Editor/SpeedTreeImporter/Content/SpeedTree9/SpeedTreeWind.uexp" 224
"../../../Engine/Plugins/Editor/SpeedTreeImporter/Content/SpeedTree9/EmptyNormal.uasset" 225
"../../../Engine/Plugins/Editor/SpeedTreeImporter/Content/SpeedTree9/EmptyNormal.uexp" 226
"../../../Engine/Plugins/Editor/SpeedTreeImporter/Content/SpeedTree9/Empty.uasset" 227
"../../../Engine/Plugins/Editor/SpeedTreeImporter/Content/SpeedTree9/Empty.uexp" 228
"../../../Engine/Plugins/Editor/SpeedTreeImporter/Content/SpeedTree9/SpeedTreeMaster.uasset" 229
"../../../Engine/Plugins/Editor/SpeedTreeImporter/Content/SpeedTree9/SpeedTreeMaster.uexp" 230
"../../../Engine/Plugins/Editor/SpeedTreeImporter/Content/SpeedTree9/SpeedTreeBillboard.uasset" 231
"../../../Engine/Plugins/Editor/SpeedTreeImporter/Content/SpeedTree9/SpeedTreeBillboard.uexp" 232
"../../../Engine/Plugins/Editor/SpeedTreeImporter/Content/SpeedTree9/SpeedTreeBillboardMaster.uasset" 233
"../../../Engine/Plugins/Editor/SpeedTreeImporter/Content/SpeedTree9/SpeedTreeBillboardMaster.uexp" 234
"../../../Engine/Content/Functions/Engine_MaterialFunctions02/WorldPositionOffset/CameraOffset.uasset" 235
"../../../Engine/Content/Functions/Engine_MaterialFunctions02/WorldPositionOffset/CameraOffset.uexp" 236
"../../../Engine/Plugins/Animation/ControlRig/Content/M_Manip.uasset" 237
"../../../Engine/Plugins/Animation/ControlRig/Content/M_Manip.uexp" 238
"../../../Engine/Plugins/Animation/ControlRig/Content/Controls/ControlRig_Wedge_solid.ubulk" 239
"../../../Engine/Plugins/Animation/ControlRig/Content/Controls/ControlRig_Wedge_solid.uasset" 240
"../../../Engine/Plugins/Animation/ControlRig/Content/Controls/ControlRig_Wedge_solid.uexp" 241
"../../../Engine/Plugins/Animation/ControlRig/Content/Controls/ControlRig_Wedge_3mm.ubulk" 242
"../../../Engine/Plugins/Animation/ControlRig/Content/Controls/ControlRig_Wedge_3mm.uasset" 243
"../../../Engine/Plugins/Animation/ControlRig/Content/Controls/ControlRig_Wedge_3mm.uexp" 244
"../../../Engine/Plugins/Animation/ControlRig/Content/Controls/ControlRig_Wedge_1mm.ubulk" 245
"../../../Engine/Plugins/Animation/ControlRig/Content/Controls/ControlRig_Wedge_1mm.uasset" 246
"../../../Engine/Plugins/Animation/ControlRig/Content/Controls/ControlRig_Wedge_1mm.uexp" 247
"../../../Engine/Plugins/Animation/ControlRig/Content/Controls/ControlRig_Triangle_solid.ubulk" 248
"../../../Engine/Plugins/Animation/ControlRig/Content/Controls/ControlRig_Triangle_solid.uasset" 249
"../../../Engine/Plugins/Animation/ControlRig/Content/Controls/ControlRig_Triangle_solid.uexp" 250
"../../../Engine/Plugins/Animation/ControlRig/Content/Controls/ControlRig_Triangle_3mm.ubulk" 251
"../../../Engine/Plugins/Animation/ControlRig/Content/Controls/ControlRig_Triangle_3mm.uasset" 252
"../../../Engine/Plugins/Animation/ControlRig/Content/Controls/ControlRig_Triangle_3mm.uexp" 253
"../../../Engine/Plugins/Animation/ControlRig/Content/Controls/ControlRig_Triangle_1mm.ubulk" 254
"../../../Engine/Plugins/Animation/ControlRig/Content/Controls/ControlRig_Triangle_1mm.uasset" 255
"../../../Engine/Plugins/Animation/ControlRig/Content/Controls/ControlRig_Triangle_1mm.uexp" 256
"../../../Engine/Plugins/Animation/ControlRig/Content/Controls/ControlRig_Star4_solid.ubulk" 257
"../../../Engine/Plugins/Animation/ControlRig/Content/Controls/ControlRig_Star4_solid.uasset" 258
"../../../Engine/Plugins/Animation/ControlRig/Content/Controls/ControlRig_Star4_solid.uexp" 259
"../../../Engine/Plugins/Animation/ControlRig/Content/Controls/ControlRig_Star4_3mm.ubulk" 260
"../../../Engine/Plugins/Animation/ControlRig/Content/Controls/ControlRig_Star4_3mm.uasset" 261
"../../../Engine/Plugins/Animation/ControlRig/Content/Controls/ControlRig_Star4_3mm.uexp" 262
"../../../Engine/Plugins/Animation/ControlRig/Content/Controls/ControlRig_Star4_1mm.ubulk" 263
"../../../Engine/Plugins/Animation/ControlRig/Content/Controls/ControlRig_Star4_1mm.uasset" 264
"../../../Engine/Plugins/Animation/ControlRig/Content/Controls/ControlRig_Star4_1mm.uexp" 265
"../../../Engine/Plugins/Animation/ControlRig/Content/Controls/ControlRig_Square_solid.ubulk" 266
"../../../Engine/Plugins/Animation/ControlRig/Content/Controls/ControlRig_Square_solid.uasset" 267
"../../../Engine/Plugins/Animation/ControlRig/Content/Controls/ControlRig_Square_solid.uexp" 268
"../../../Engine/Plugins/Animation/ControlRig/Content/Controls/ControlRig_Square_3mm.ubulk" 269
"../../../Engine/Plugins/Animation/ControlRig/Content/Controls/ControlRig_Square_3mm.uasset" 270
"../../../Engine/Plugins/Animation/ControlRig/Content/Controls/ControlRig_Square_3mm.uexp" 271
"../../../Engine/Plugins/Animation/ControlRig/Content/Controls/ControlRig_Square_1mm.ubulk" 272
"../../../Engine/Plugins/Animation/ControlRig/Content/Controls/ControlRig_Square_1mm.uasset" 273
"../../../Engine/Plugins/Animation/ControlRig/Content/Controls/ControlRig_Square_1mm.uexp" 274
"../../../Engine/Plugins/Animation/ControlRig/Content/Controls/ControlRig_Sphere_solid.ubulk" 275
"../../../Engine/Plugins/Animation/ControlRig/Content/Controls/ControlRig_Sphere_solid.uasset" 276
"../../../Engine/Plugins/Animation/ControlRig/Content/Controls/ControlRig_Sphere_solid.uexp" 277
"../../../Engine/Plugins/Animation/ControlRig/Content/Controls/ControlRig_Sphere_3mm.ubulk" 278
"../../../Engine/Plugins/Animation/ControlRig/Content/Controls/ControlRig_Sphere_3mm.uasset" 279
"../../../Engine/Plugins/Animation/ControlRig/Content/Controls/ControlRig_Sphere_3mm.uexp" 280
"../../../Engine/Plugins/Animation/ControlRig/Content/Controls/ControlRig_Sphere_1mm.ubulk" 281
"../../../Engine/Plugins/Animation/ControlRig/Content/Controls/ControlRig_Sphere_1mm.uasset" 282
"../../../Engine/Plugins/Animation/ControlRig/Content/Controls/ControlRig_Sphere_1mm.uexp" 283
"../../../Engine/Plugins/Animation/ControlRig/Content/Controls/ControlRig_RoundedTriangle_solid.ubulk" 284
"../../../Engine/Plugins/Animation/ControlRig/Content/Controls/ControlRig_RoundedTriangle_solid.uasset" 285
"../../../Engine/Plugins/Animation/ControlRig/Content/Controls/ControlRig_RoundedTriangle_solid.uexp" 286
"../../../Engine/Plugins/Animation/ControlRig/Content/Controls/ControlRig_RoundedTriangle_3mm.ubulk" 287
"../../../Engine/Plugins/Animation/ControlRig/Content/Controls/ControlRig_RoundedTriangle_3mm.uasset" 288
"../../../Engine/Plugins/Animation/ControlRig/Content/Controls/ControlRig_RoundedTriangle_3mm.uexp" 289
"../../../Engine/Plugins/Animation/ControlRig/Content/Controls/ControlRig_RoundedTriangle_1mm.ubulk" 290
"../../../Engine/Plugins/Animation/ControlRig/Content/Controls/ControlRig_RoundedTriangle_1mm.uasset" 291
"../../../Engine/Plugins/Animation/ControlRig/Content/Controls/ControlRig_RoundedTriangle_1mm.uexp" 292
"../../../Engine/Plugins/Animation/ControlRig/Content/Controls/ControlRig_RoundedSquare_solid.ubulk" 293
"../../../Engine/Plugins/Animation/ControlRig/Content/Controls/ControlRig_RoundedSquare_solid.uasset" 294
"../../../Engine/Plugins/Animation/ControlRig/Content/Controls/ControlRig_RoundedSquare_solid.uexp" 295
"../../../Engine/Plugins/Animation/ControlRig/Content/Controls/ControlRig_RoundedSquare_3mm.ubulk" 296
"../../../Engine/Plugins/Animation/ControlRig/Content/Controls/ControlRig_RoundedSquare_3mm.uasset" 297
"../../../Engine/Plugins/Animation/ControlRig/Content/Controls/ControlRig_RoundedSquare_3mm.uexp" 298
"../../../Engine/Plugins/Animation/ControlRig/Content/Controls/ControlRig_RoundedSquare_1mm.ubulk" 299
"../../../Engine/Plugins/Animation/ControlRig/Content/Controls/ControlRig_RoundedSquare_1mm.uasset" 300
"../../../Engine/Plugins/Animation/ControlRig/Content/Controls/ControlRig_RoundedSquare_1mm.uexp" 301
"../../../Engine/Plugins/Animation/ControlRig/Content/Controls/ControlRig_QuarterCircle_solid.ubulk" 302
"../../../Engine/Plugins/Animation/ControlRig/Content/Controls/ControlRig_QuarterCircle_solid.uasset" 303
"../../../Engine/Plugins/Animation/ControlRig/Content/Controls/ControlRig_QuarterCircle_solid.uexp" 304
"../../../Engine/Plugins/Animation/ControlRig/Content/Controls/ControlRig_QuarterCircle_3mm.ubulk" 305
"../../../Engine/Plugins/Animation/ControlRig/Content/Controls/ControlRig_QuarterCircle_3mm.uasset" 306
"../../../Engine/Plugins/Animation/ControlRig/Content/Controls/ControlRig_QuarterCircle_3mm.uexp" 307
"../../../Engine/Plugins/Animation/ControlRig/Content/Controls/ControlRig_QuarterCircle_1mm.ubulk" 308
"../../../Engine/Plugins/Animation/ControlRig/Content/Controls/ControlRig_QuarterCircle_1mm.uasset" 309
"../../../Engine/Plugins/Animation/ControlRig/Content/Controls/ControlRig_QuarterCircle_1mm.uexp" 310
"../../../Engine/Plugins/Animation/ControlRig/Content/Controls/ControlRig_Pyramid_solid.ubulk" 311
"../../../Engine/Plugins/Animation/ControlRig/Content/Controls/ControlRig_Pyramid_solid.uasset" 312
"../../../Engine/Plugins/Animation/ControlRig/Content/Controls/ControlRig_Pyramid_solid.uexp" 313
"../../../Engine/Plugins/Animation/ControlRig/Content/Controls/ControlRig_Pyramid_3mm.ubulk" 314
"../../../Engine/Plugins/Animation/ControlRig/Content/Controls/ControlRig_Pyramid_3mm.uasset" 315
"../../../Engine/Plugins/Animation/ControlRig/Content/Controls/ControlRig_Pyramid_3mm.uexp" 316
"../../../Engine/Plugins/Animation/ControlRig/Content/Controls/ControlRig_Pyramid_1mm.ubulk" 317
"../../../Engine/Plugins/Animation/ControlRig/Content/Controls/ControlRig_Pyramid_1mm.uasset" 318
"../../../Engine/Plugins/Animation/ControlRig/Content/Controls/ControlRig_Pyramid_1mm.uexp" 319
"../../../Engine/Plugins/Animation/ControlRig/Content/Controls/ControlRig_Octagon_solid.ubulk" 320
"../../../Engine/Plugins/Animation/ControlRig/Content/Controls/ControlRig_Octagon_solid.uasset" 321
"../../../Engine/Plugins/Animation/ControlRig/Content/Controls/ControlRig_Octagon_solid.uexp" 322
"../../../Engine/Plugins/Animation/ControlRig/Content/Controls/ControlRig_Octagon_3mm.ubulk" 323
"../../../Engine/Plugins/Animation/ControlRig/Content/Controls/ControlRig_Octagon_3mm.uasset" 324
"../../../Engine/Plugins/Animation/ControlRig/Content/Controls/ControlRig_Octagon_3mm.uexp" 325
"../../../Engine/Plugins/Animation/ControlRig/Content/Controls/ControlRig_Octagon_1mm.ubulk" 326
"../../../Engine/Plugins/Animation/ControlRig/Content/Controls/ControlRig_Octagon_1mm.uasset" 327
"../../../Engine/Plugins/Animation/ControlRig/Content/Controls/ControlRig_Octagon_1mm.uexp" 328
"../../../Engine/Plugins/Animation/ControlRig/Content/Controls/ControlRig_Hexagon_solid.ubulk" 329
"../../../Engine/Plugins/Animation/ControlRig/Content/Controls/ControlRig_Hexagon_solid.uasset" 330
"../../../Engine/Plugins/Animation/ControlRig/Content/Controls/ControlRig_Hexagon_solid.uexp" 331
"../../../Engine/Plugins/Animation/ControlRig/Content/Controls/ControlRig_Hexagon_3mm.ubulk" 332
"../../../Engine/Plugins/Animation/ControlRig/Content/Controls/ControlRig_Hexagon_3mm.uasset" 333
"../../../Engine/Plugins/Animation/ControlRig/Content/Controls/ControlRig_Hexagon_3mm.uexp" 334
"../../../Engine/Plugins/Animation/ControlRig/Content/Controls/ControlRig_Hexagon_1mm.ubulk" 335
"../../../Engine/Plugins/Animation/ControlRig/Content/Controls/ControlRig_Hexagon_1mm.uasset" 336
"../../../Engine/Plugins/Animation/ControlRig/Content/Controls/ControlRig_Hexagon_1mm.uexp" 337
"../../../Engine/Plugins/Animation/ControlRig/Content/Controls/ControlRig_HalfCircle_solid.ubulk" 338
"../../../Engine/Plugins/Animation/ControlRig/Content/Controls/ControlRig_HalfCircle_solid.uasset" 339
"../../../Engine/Plugins/Animation/ControlRig/Content/Controls/ControlRig_HalfCircle_solid.uexp" 340
"../../../Engine/Plugins/Animation/ControlRig/Content/Controls/ControlRig_HalfCircle_3mm.ubulk" 341
"../../../Engine/Plugins/Animation/ControlRig/Content/Controls/ControlRig_HalfCircle_3mm.uasset" 342
"../../../Engine/Plugins/Animation/ControlRig/Content/Controls/ControlRig_HalfCircle_3mm.uexp" 343
"../../../Engine/Plugins/Animation/ControlRig/Content/Controls/ControlRig_HalfCircle_1mm.ubulk" 344
"../../../Engine/Plugins/Animation/ControlRig/Content/Controls/ControlRig_HalfCircle_1mm.uasset" 345
"../../../Engine/Plugins/Animation/ControlRig/Content/Controls/ControlRig_HalfCircle_1mm.uexp" 346
"../../../Engine/Plugins/Animation/ControlRig/Content/Controls/ControlRig_Diamond_solid.ubulk" 347
"../../../Engine/Plugins/Animation/ControlRig/Content/Controls/ControlRig_Diamond_solid.uasset" 348
"../../../Engine/Plugins/Animation/ControlRig/Content/Controls/ControlRig_Diamond_solid.uexp" 349
"../../../Engine/Plugins/Animation/ControlRig/Content/Controls/ControlRig_Diamond_3mm.ubulk" 350
"../../../Engine/Plugins/Animation/ControlRig/Content/Controls/ControlRig_Diamond_3mm.uasset" 351
"../../../Engine/Plugins/Animation/ControlRig/Content/Controls/ControlRig_Diamond_3mm.uexp" 352
"../../../Engine/Plugins/Animation/ControlRig/Content/Controls/ControlRig_Diamond_1mm.ubulk" 353
"../../../Engine/Plugins/Animation/ControlRig/Content/Controls/ControlRig_Diamond_1mm.uasset" 354
"../../../Engine/Plugins/Animation/ControlRig/Content/Controls/ControlRig_Diamond_1mm.uexp" 355
"../../../Engine/Plugins/Animation/ControlRig/Content/Controls/ControlRig_Circle_solid.ubulk" 356
"../../../Engine/Plugins/Animation/ControlRig/Content/Controls/ControlRig_Circle_solid.uasset" 357
"../../../Engine/Plugins/Animation/ControlRig/Content/Controls/ControlRig_Circle_solid.uexp" 358
"../../../Engine/Plugins/Animation/ControlRig/Content/Controls/ControlRig_Circle_3mm.ubulk" 359
"../../../Engine/Plugins/Animation/ControlRig/Content/Controls/ControlRig_Circle_3mm.uasset" 360
"../../../Engine/Plugins/Animation/ControlRig/Content/Controls/ControlRig_Circle_3mm.uexp" 361
"../../../Engine/Plugins/Animation/ControlRig/Content/Controls/ControlRig_Circle_1mm.ubulk" 362
"../../../Engine/Plugins/Animation/ControlRig/Content/Controls/ControlRig_Circle_1mm.uasset" 363
"../../../Engine/Plugins/Animation/ControlRig/Content/Controls/ControlRig_Circle_1mm.uexp" 364
"../../../Engine/Plugins/Animation/ControlRig/Content/Controls/ControlRig_Box_solid.ubulk" 365
"../../../Engine/Plugins/Animation/ControlRig/Content/Controls/ControlRig_Box_solid.uasset" 366
"../../../Engine/Plugins/Animation/ControlRig/Content/Controls/ControlRig_Box_solid.uexp" 367
"../../../Engine/Plugins/Animation/ControlRig/Content/Controls/ControlRig_Box_3mm.ubulk" 368
"../../../Engine/Plugins/Animation/ControlRig/Content/Controls/ControlRig_Box_3mm.uasset" 369
"../../../Engine/Plugins/Animation/ControlRig/Content/Controls/ControlRig_Box_3mm.uexp" 370
"../../../Engine/Plugins/Animation/ControlRig/Content/Controls/ControlRig_Box_1mm.ubulk" 371
"../../../Engine/Plugins/Animation/ControlRig/Content/Controls/ControlRig_Box_1mm.uasset" 372
"../../../Engine/Plugins/Animation/ControlRig/Content/Controls/ControlRig_Box_1mm.uexp" 373
"../../../Engine/Plugins/Animation/ControlRig/Content/Controls/ControlRig_Arrow_solid.ubulk" 374
"../../../Engine/Plugins/Animation/ControlRig/Content/Controls/ControlRig_Arrow_solid.uasset" 375
"../../../Engine/Plugins/Animation/ControlRig/Content/Controls/ControlRig_Arrow_solid.uexp" 376
"../../../Engine/Plugins/Animation/ControlRig/Content/Controls/ControlRig_Arrow_3mm.ubulk" 377
"../../../Engine/Plugins/Animation/ControlRig/Content/Controls/ControlRig_Arrow_3mm.uasset" 378
"../../../Engine/Plugins/Animation/ControlRig/Content/Controls/ControlRig_Arrow_3mm.uexp" 379
"../../../Engine/Plugins/Animation/ControlRig/Content/Controls/ControlRig_Arrow_1mm.ubulk" 380
"../../../Engine/Plugins/Animation/ControlRig/Content/Controls/ControlRig_Arrow_1mm.uasset" 381
"../../../Engine/Plugins/Animation/ControlRig/Content/Controls/ControlRig_Arrow_1mm.uexp" 382
"../../../Engine/Plugins/Animation/ControlRig/Content/Controls/ControlRig_Arrow4_solid.ubulk" 383
"../../../Engine/Plugins/Animation/ControlRig/Content/Controls/ControlRig_Arrow4_solid.uasset" 384
"../../../Engine/Plugins/Animation/ControlRig/Content/Controls/ControlRig_Arrow4_solid.uexp" 385
"../../../Engine/Plugins/Animation/ControlRig/Content/Controls/ControlRig_Arrow4_3mm.ubulk" 386
"../../../Engine/Plugins/Animation/ControlRig/Content/Controls/ControlRig_Arrow4_3mm.uasset" 387
"../../../Engine/Plugins/Animation/ControlRig/Content/Controls/ControlRig_Arrow4_3mm.uexp" 388
"../../../Engine/Plugins/Animation/ControlRig/Content/Controls/ControlRig_Arrow4_1mm.ubulk" 389
"../../../Engine/Plugins/Animation/ControlRig/Content/Controls/ControlRig_Arrow4_1mm.uasset" 390
"../../../Engine/Plugins/Animation/ControlRig/Content/Controls/ControlRig_Arrow4_1mm.uexp" 391
"../../../Engine/Plugins/Animation/ControlRig/Content/Controls/ControlRig_Arrow2_solid.ubulk" 392
"../../../Engine/Plugins/Animation/ControlRig/Content/Controls/ControlRig_Arrow2_solid.uasset" 393
"../../../Engine/Plugins/Animation/ControlRig/Content/Controls/ControlRig_Arrow2_solid.uexp" 394
"../../../Engine/Plugins/Animation/ControlRig/Content/Controls/ControlRig_Arrow2_3mm.ubulk" 395
"../../../Engine/Plugins/Animation/ControlRig/Content/Controls/ControlRig_Arrow2_3mm.uasset" 396
"../../../Engine/Plugins/Animation/ControlRig/Content/Controls/ControlRig_Arrow2_3mm.uexp" 397
"../../../Engine/Plugins/Animation/ControlRig/Content/Controls/ControlRig_Arrow2_1mm.ubulk" 398
"../../../Engine/Plugins/Animation/ControlRig/Content/Controls/ControlRig_Arrow2_1mm.uasset" 399
"../../../Engine/Plugins/Animation/ControlRig/Content/Controls/ControlRig_Arrow2_1mm.uexp" 400
"../../../Engine/Plugins/Animation/ControlRig/Content/Controls/ControlRigXRayMaterial.uasset" 401
"../../../Engine/Plugins/Animation/ControlRig/Content/Controls/ControlRigXRayMaterial.uexp" 402
"../../../Engine/Plugins/Animation/ControlRig/Content/Controls/ControlRigGizmoMaterial.uasset" 403
"../../../Engine/Plugins/Animation/ControlRig/Content/Controls/ControlRigGizmoMaterial.uexp" 404
"../../../Engine/Plugins/2D/Paper2D/Content/DefaultSpriteMaterial.uasset" 405
"../../../Engine/Plugins/2D/Paper2D/Content/DefaultSpriteMaterial.uexp" 406
"../../../Engine/Plugins/2D/Paper2D/Content/OpaqueUnlitSpriteMaterial.uasset" 407
"../../../Engine/Plugins/2D/Paper2D/Content/OpaqueUnlitSpriteMaterial.uexp" 408
"../../../Engine/Plugins/2D/Paper2D/Content/MaskedUnlitSpriteMaterial.uasset" 409
"../../../Engine/Plugins/2D/Paper2D/Content/MaskedUnlitSpriteMaterial.uexp" 410
"../../../Engine/Content/EngineResources/WhiteSquareTexture.uasset" 411
"../../../Engine/Content/EngineResources/WhiteSquareTexture.uexp" 412
"../../../Engine/Content/EngineMaterials/Widget3DPassThrough.uasset" 413
"../../../Engine/Content/EngineMaterials/Widget3DPassThrough.uexp" 414
"../../../Engine/Content/EngineMaterials/Widget3DPassThrough_Translucent.uasset" 415
"../../../Engine/Content/EngineMaterials/Widget3DPassThrough_Translucent.uexp" 416
"../../../Engine/Content/EngineMaterials/Widget3DPassThrough_Translucent_OneSided.uasset" 417
"../../../Engine/Content/EngineMaterials/Widget3DPassThrough_Translucent_OneSided.uexp" 418
"../../../Engine/Content/EngineMaterials/Widget3DPassThrough_Opaque.uasset" 419
"../../../Engine/Content/EngineMaterials/Widget3DPassThrough_Opaque.uexp" 420
"../../../Engine/Content/EngineMaterials/Widget3DPassThrough_Opaque_OneSided.uasset" 421
"../../../Engine/Content/EngineMaterials/Widget3DPassThrough_Opaque_OneSided.uexp" 422
"../../../Engine/Content/EngineMaterials/Widget3DPassThrough_Masked_OneSided.uasset" 423
"../../../Engine/Content/EngineMaterials/Widget3DPassThrough_Masked_OneSided.uexp" 424
"../../../Engine/Content/EngineMaterials/Widget3DPassThrough_Masked.uasset" 425
"../../../Engine/Content/EngineMaterials/Widget3DPassThrough_Masked.uexp" 426
"../../../Engine/Content/EngineMaterials/WeightMapPlaceholderTexture.uasset" 427
"../../../Engine/Content/EngineMaterials/WeightMapPlaceholderTexture.uexp" 428
"../../../Engine/Content/EngineMaterials/WeightMapArrayPlaceholderTexture.uasset" 429
"../../../Engine/Content/EngineMaterials/WeightMapArrayPlaceholderTexture.uexp" 430
"../../../Engine/Content/EngineMaterials/RemoveSurfaceMaterial.uasset" 431
"../../../Engine/Content/EngineMaterials/RemoveSurfaceMaterial.uexp" 432
"../../../Engine/Content/EngineMaterials/PreintegratedSkinBRDF.uasset" 433
"../../../Engine/Content/EngineMaterials/PreintegratedSkinBRDF.uexp" 434
"../../../Engine/Content/EngineMaterials/DefaultCalibrationGrayscale.uasset" 435
"../../../Engine/Content/EngineMaterials/DefaultCalibrationGrayscale.uexp" 436
"../../../Engine/Content/EngineMaterials/PPM_DefaultCalibrationGrayscale.uasset" 437
"../../../Engine/Content/EngineMaterials/PPM_DefaultCalibrationGrayscale.uexp" 438
"../../../Engine/Content/EngineMaterials/DefaultCalibrationColor.uasset" 439
"../../../Engine/Content/EngineMaterials/DefaultCalibrationColor.uexp" 440
"../../../Engine/Content/EngineMaterials/PPM_DefaultCalibrationColor.uasset" 441
"../../../Engine/Content/EngineMaterials/PPM_DefaultCalibrationColor.uexp" 442
"../../../Engine/Content/EngineMaterials/PhAT_JointLimitMaterial.uasset" 443
"../../../Engine/Content/EngineMaterials/PhAT_JointLimitMaterial.uexp" 444
"../../../Engine/Content/EngineMaterials/NaniteHiddenSectionMaterial.uasset" 445
"../../../Engine/Content/EngineMaterials/NaniteHiddenSectionMaterial.uexp" 446
"../../../Engine/Content/EngineMaterials/InvalidLightmapSettings.ubulk" 447
"../../../Engine/Content/EngineMaterials/InvalidLightmapSettings.uasset" 448
"../../../Engine/Content/EngineMaterials/InvalidLightmapSettings.uexp" 449
"../../../Engine/Content/EngineMaterials/M_InvalidLightmapSettings.uasset" 450
"../../../Engine/Content/EngineMaterials/M_InvalidLightmapSettings.uexp" 451
"../../../Engine/Content/EngineMaterials/MiniFont.uasset" 452
"../../../Engine/Content/EngineMaterials/MiniFont.uexp" 453
"../../../Engine/Content/EngineMaterials/GizmoMaterial.uasset" 454
"../../../Engine/Content/EngineMaterials/GizmoMaterial.uexp" 455
"../../../Engine/Content/EngineMaterials/BaseFlattenEmissiveMap_VT.uasset" 456
"../../../Engine/Content/EngineMaterials/BaseFlattenEmissiveMap_VT.uexp" 457
"../../../Engine/Content/EngineMaterials/BaseFlattenGrayscaleMap_VT.uasset" 458
"../../../Engine/Content/EngineMaterials/BaseFlattenGrayscaleMap_VT.uexp" 459
"../../../Engine/Content/EngineMaterials/BaseFlattenLinearColor_VT.uasset" 460
"../../../Engine/Content/EngineMaterials/BaseFlattenLinearColor_VT.uexp" 461
"../../../Engine/Content/EngineMaterials/Black_1x1_EXR_Texture_VT.uasset" 462
"../../../Engine/Content/EngineMaterials/Black_1x1_EXR_Texture_VT.uexp" 463
"../../../Engine/Content/EngineMaterials/BaseFlattenDiffuseMap_VT.uasset" 464
"../../../Engine/Content/EngineMaterials/BaseFlattenDiffuseMap_VT.uexp" 465
"../../../Engine/Content/EngineMaterials/BaseFlattenNormalMap_VT.uasset" 466
"../../../Engine/Content/EngineMaterials/BaseFlattenNormalMap_VT.uexp" 467
"../../../Engine/Content/EngineMaterials/FlattenMaterial_WS_Normal_VT.uasset" 468
"../../../Engine/Content/EngineMaterials/FlattenMaterial_WS_Normal_VT.uexp" 469
"../../../Engine/Content/EngineMaterials/FlattenMaterial_VT.uasset" 470
"../../../Engine/Content/EngineMaterials/FlattenMaterial_VT.uexp" 471
"../../../Engine/Content/EngineMaterials/BaseFlattenNormalMap.uasset" 472
"../../../Engine/Content/EngineMaterials/BaseFlattenNormalMap.uexp" 473
"../../../Engine/Content/EngineMaterials/BaseFlattenGrayscaleMap.uasset" 474
"../../../Engine/Content/EngineMaterials/BaseFlattenGrayscaleMap.uexp" 475
"../../../Engine/Content/EngineMaterials/BaseFlattenDiffuseMap.uasset" 476
"../../../Engine/Content/EngineMaterials/BaseFlattenDiffuseMap.uexp" 477
"../../../Engine/Content/Functions/Engine_MaterialFunctions02/PivotPainter2/Black_1x1_EXR_Texture.uasset" 478
"../../../Engine/Content/Functions/Engine_MaterialFunctions02/PivotPainter2/Black_1x1_EXR_Texture.uexp" 479
"../../../Engine/Content/EngineMaterials/BaseFlattenEmissiveMap.uasset" 480
"../../../Engine/Content/EngineMaterials/BaseFlattenEmissiveMap.uexp" 481
"../../../Engine/Content/EngineMaterials/BaseFlattenLinearColor.uasset" 482
"../../../Engine/Content/EngineMaterials/BaseFlattenLinearColor.uexp" 483
"../../../Engine/Content/EngineMaterials/FlattenMaterial.uasset" 484
"../../../Engine/Content/EngineMaterials/FlattenMaterial.uexp" 485
"../../../Engine/Content/EngineMaterials/FastBlueNoise_vec2_128x128x64.uasset" 486
"../../../Engine/Content/EngineMaterials/FastBlueNoise_vec2_128x128x64.uexp" 487
"../../../Engine/Content/EngineMaterials/FastBlueNoise_scalar_128x128x64.uasset" 488
"../../../Engine/Content/EngineMaterials/FastBlueNoise_scalar_128x128x64.uexp" 489
"../../../Engine/Content/EngineMaterials/DefaultWhiteGrid_Low.uasset" 490
"../../../Engine/Content/EngineMaterials/DefaultWhiteGrid_Low.uexp" 491
"../../../Engine/Content/EngineMaterials/EmissiveMeshMaterial.uasset" 492
"../../../Engine/Content/EngineMaterials/EmissiveMeshMaterial.uexp" 493
"../../../Engine/Content/EngineMaterials/DefaultWhiteGrid.ubulk" 494
"../../../Engine/Content/EngineMaterials/DefaultWhiteGrid.uasset" 495
"../../../Engine/Content/EngineMaterials/DefaultWhiteGrid.uexp" 496
"../../../Engine/Content/EngineFonts/RobotoDistanceField.uasset" 497
"../../../Engine/Content/EngineFonts/RobotoDistanceField.uexp" 498
"../../../Engine/Content/EngineMaterials/DefaultTextMaterialOpaque.uasset" 499
"../../../Engine/Content/EngineMaterials/DefaultTextMaterialOpaque.uexp" 500
"../../../Engine/Content/EngineMaterials/DefaultDiffuse.ubulk" 501
"../../../Engine/Content/EngineMaterials/DefaultDiffuse.uasset" 502
"../../../Engine/Content/EngineMaterials/DefaultDiffuse.uexp" 503
"../../../Engine/Content/EngineMaterials/DefaultPostProcessMaterial.uasset" 504
"../../../Engine/Content/EngineMaterials/DefaultPostProcessMaterial.uexp" 505
"../../../Engine/Content/EngineMaterials/DefaultLightFunctionMaterial.uasset" 506
"../../../Engine/Content/EngineMaterials/DefaultLightFunctionMaterial.uexp" 507
"../../../Engine/Content/EngineMaterials/DefaultDeferredDecalMaterial.uasset" 508
"../../../Engine/Content/EngineMaterials/DefaultDeferredDecalMaterial.uexp" 509
"../../../Engine/Content/EngineMaterials/DefaultBokeh.uasset" 510
"../../../Engine/Content/EngineMaterials/DefaultBokeh.uexp" 511
"../../../Engine/Content/EngineMaterials/DefaultBloomKernel.uasset" 512
"../../../Engine/Content/EngineMaterials/DefaultBloomKernel.uexp" 513
"../../../Engine/Content/Functions/Engine_MaterialFunctions02/Utility/CameraDirectionVector.uasset" 514
"../../../Engine/Content/Functions/Engine_MaterialFunctions02/Utility/CameraDirectionVector.uexp" 515
"../../../Engine/Content/EngineDebugMaterials/VolumeToRender.uasset" 516
"../../../Engine/Content/EngineDebugMaterials/VolumeToRender.uexp" 517
"../../../Engine/Content/EngineDebugMaterials/M_VolumeRenderSphereTracePP.uasset" 518
"../../../Engine/Content/EngineDebugMaterials/M_VolumeRenderSphereTracePP.uexp" 519
"../../../Engine/Content/EngineDebugMaterials/M_SimpleUnlitTranslucent.uasset" 520
"../../../Engine/Content/EngineDebugMaterials/M_SimpleUnlitTranslucent.uexp" 521
"../../../Engine/Content/EngineDebugMaterials/DebugMeshMaterial.uasset" 522
"../../../Engine/Content/EngineDebugMaterials/DebugMeshMaterial.uexp" 523
"../../../Engine/Content/EngineDebugMaterials/DebugEditorMaterial.uasset" 524
"../../../Engine/Content/EngineDebugMaterials/DebugEditorMaterial.uexp" 525
"../../../Engine/Content/EngineDamageTypes/DmgTypeBP_Environmental.uasset" 526
"../../../Engine/Content/EngineDamageTypes/DmgTypeBP_Environmental.uexp" 527
"../../../Engine/Content/EditorResources/S_Terrain.ubulk" 528
"../../../Engine/Content/EditorResources/S_Terrain.uasset" 529
"../../../Engine/Content/EditorResources/S_Terrain.uexp" 530
"../../../Engine/Content/EditorResources/S_Solver.ubulk" 531
"../../../Engine/Content/EditorResources/S_Solver.uasset" 532
"../../../Engine/Content/EditorResources/S_Solver.uexp" 533
"../../../Engine/Content/EditorResources/EmptyActor.uasset" 534
"../../../Engine/Content/EditorResources/EmptyActor.uexp" 535
"../../../Engine/Content/EditorResources/BSPVertex.uasset" 536
"../../../Engine/Content/EditorResources/BSPVertex.uexp" 537
"../../../Engine/Content/EditorMaterials/PreviewShadowIndicator.ubulk" 538
"../../../Engine/Content/EditorMaterials/PreviewShadowIndicator.uasset" 539
"../../../Engine/Content/EditorMaterials/PreviewShadowIndicator.uexp" 540
"../../../Engine/Content/EditorMaterials/PreviewShadowIndicatorMaterial.uasset" 541
"../../../Engine/Content/EditorMaterials/PreviewShadowIndicatorMaterial.uexp" 542
"../../../Engine/Content/EditorMaterials/PhAT_UnselectedMaterial.uasset" 543
"../../../Engine/Content/EditorMaterials/PhAT_UnselectedMaterial.uexp" 544
"../../../Engine/Content/EditorMaterials/PhAT_NoCollisionMaterial.uasset" 545
"../../../Engine/Content/EditorMaterials/PhAT_NoCollisionMaterial.uexp" 546
"../../../Engine/Content/EditorLandscapeResources/SplineEditorMeshMat.uasset" 547
"../../../Engine/Content/EditorLandscapeResources/SplineEditorMeshMat.uexp" 548
"../../../Engine/Content/EditorLandscapeResources/SplineEditorMesh.ubulk" 549
"../../../Engine/Content/EditorLandscapeResources/SplineEditorMesh.uasset" 550
"../../../Engine/Content/EditorLandscapeResources/SplineEditorMesh.uexp" 551
"../../../Engine/Content/EditorLandscapeResources/DefaultAlphaTexture.uasset" 552
"../../../Engine/Content/EditorLandscapeResources/DefaultAlphaTexture.uexp" 553
"../../../Engine/Content/BasicShapes/Plane.ubulk" 554
"../../../Engine/Content/BasicShapes/Plane.uasset" 555
"../../../Engine/Content/BasicShapes/Plane.uexp" 556
"../../../Engine/Content/EngineMaterials/DefaultMaterial.uasset" 557
"../../../Engine/Content/EngineMaterials/DefaultMaterial.uexp" 558
"../../../Engine/Content/BasicShapes/Cylinder.ubulk" 559
"../../../Engine/Content/BasicShapes/Cylinder.uasset" 560
"../../../Engine/Content/BasicShapes/Cylinder.uexp" 561
"../../../Engine/Content/BasicShapes/Cube.ubulk" 562
"../../../Engine/Content/BasicShapes/Cube.uasset" 563
"../../../Engine/Content/BasicShapes/Cube.uexp" 564
"../../../Engine/Content/BasicShapes/Cone.ubulk" 565
"../../../Engine/Content/BasicShapes/Cone.uasset" 566
"../../../Engine/Content/BasicShapes/Cone.uexp" 567
"../../../Engine/Content/BasicShapes/BasicShapeMaterial.uasset" 568
"../../../Engine/Content/BasicShapes/BasicShapeMaterial.uexp" 569
"C:/Users/marce/Desktop/Mobile/ballgame/Content/Cursor/T_Arrow.uasset" 570
"C:/Users/marce/Desktop/Mobile/ballgame/Content/Cursor/T_Arrow.uexp" 571
"C:/Users/marce/Desktop/Mobile/ballgame/Content/Cursor/M_Cursor.uasset" 572
"C:/Users/marce/Desktop/Mobile/ballgame/Content/Cursor/M_Cursor.uexp" 573
"C:/Users/marce/Desktop/Mobile/ballgame/Content/Cursor/SM_CursorMesh.ubulk" 574
"C:/Users/marce/Desktop/Mobile/ballgame/Content/Cursor/SM_CursorMesh.uasset" 575
"C:/Users/marce/Desktop/Mobile/ballgame/Content/Cursor/SM_CursorMesh.uexp" 576
"C:/Users/marce/Desktop/Mobile/ballgame/Content/Cursor/FX_Cursor.uasset" 577
"C:/Users/marce/Desktop/Mobile/ballgame/Content/Cursor/FX_Cursor.uexp" 578
"../../../Engine/Content/BasicShapes/Sphere.ubulk" 579
"../../../Engine/Content/BasicShapes/Sphere.uasset" 580
"../../../Engine/Content/BasicShapes/Sphere.uexp" 581
"../../../Engine/Content/EngineDebugMaterials/HeatmapGradient.ubulk" 582
"../../../Engine/Content/EngineDebugMaterials/HeatmapGradient.uasset" 583
"../../../Engine/Content/EngineDebugMaterials/HeatmapGradient.uexp" 584
"../../../Engine/Content/EngineDebugMaterials/BoneWeightMaterial.uasset" 585
"../../../Engine/Content/EngineDebugMaterials/BoneWeightMaterial.uexp" 586
"C:/Users/marce/Desktop/Mobile/ballgame/Content/TopDown/bounce.uasset" 587
"C:/Users/marce/Desktop/Mobile/ballgame/Content/TopDown/bounce.uexp" 588
"C:/Users/marce/Desktop/Mobile/ballgame/Content/TopDown/Blueprints/ball.uasset" 589
"C:/Users/marce/Desktop/Mobile/ballgame/Content/TopDown/Blueprints/ball.uexp" 590
"C:/Users/marce/Desktop/Mobile/ballgame/Content/TopDown/Blueprints/BP_TopDownController.uasset" 591
"C:/Users/marce/Desktop/Mobile/ballgame/Content/TopDown/Blueprints/BP_TopDownController.uexp" 592
"C:/Users/marce/Desktop/Mobile/ballgame/Content/TopDown/Blueprints/BP_TopDownGameMode.uasset" 593
"C:/Users/marce/Desktop/Mobile/ballgame/Content/TopDown/Blueprints/BP_TopDownGameMode.uexp" 594
"../../../Engine/Plugins/Interchange/Assets/Content/gltf/Textures/T_White_srgb.uasset" 595
"../../../Engine/Plugins/Interchange/Assets/Content/gltf/Textures/T_White_srgb.uexp" 596
"../../../Engine/Plugins/Interchange/Assets/Content/gltf/MaterialFunctions/MF_BaseColor.uasset" 597
"../../../Engine/Plugins/Interchange/Assets/Content/gltf/MaterialFunctions/MF_BaseColor.uexp" 598
"../../../Engine/Plugins/Interchange/Assets/Content/gltf/MaterialFunctions/MF_RotateV2.uasset" 599
"../../../Engine/Plugins/Interchange/Assets/Content/gltf/MaterialFunctions/MF_RotateV2.uexp" 600
"../../../Engine/Plugins/Interchange/Assets/Content/gltf/MaterialFunctions/MF_TransformUVs.uasset" 601
"../../../Engine/Plugins/Interchange/Assets/Content/gltf/MaterialFunctions/MF_TransformUVs.uexp" 602
"../../../Engine/Plugins/Interchange/Assets/Content/gltf/MaterialBodies/MF_Unlit_Body.uasset" 603
"../../../Engine/Plugins/Interchange/Assets/Content/gltf/MaterialBodies/MF_Unlit_Body.uexp" 604
"../../../Engine/Plugins/Interchange/Assets/Content/gltf/M_Unlit.uasset" 605
"../../../Engine/Plugins/Interchange/Assets/Content/gltf/M_Unlit.uexp" 606
"../../../Engine/Plugins/Interchange/Assets/Content/gltf/MaterialInstances/MI_Unlit_Opaque_DS.uasset" 607
"../../../Engine/Plugins/Interchange/Assets/Content/gltf/MaterialInstances/MI_Unlit_Opaque_DS.uexp" 608
"../../../Engine/Plugins/Interchange/Assets/Content/gltf/MaterialInstances/MI_Unlit_Opaque.uasset" 609
"../../../Engine/Plugins/Interchange/Assets/Content/gltf/MaterialInstances/MI_Unlit_Opaque.uexp" 610
"../../../Engine/Plugins/Interchange/Assets/Content/gltf/MaterialInstances/MI_Unlit_Mask_DS.uasset" 611
"../../../Engine/Plugins/Interchange/Assets/Content/gltf/MaterialInstances/MI_Unlit_Mask_DS.uexp" 612
"../../../Engine/Plugins/Interchange/Assets/Content/gltf/MaterialInstances/MI_Unlit_Mask.uasset" 613
"../../../Engine/Plugins/Interchange/Assets/Content/gltf/MaterialInstances/MI_Unlit_Mask.uexp" 614
"../../../Engine/Plugins/Interchange/Assets/Content/gltf/MaterialInstances/MI_Unlit_Blend_DS.uasset" 615
"../../../Engine/Plugins/Interchange/Assets/Content/gltf/MaterialInstances/MI_Unlit_Blend_DS.uexp" 616
"../../../Engine/Plugins/Interchange/Assets/Content/gltf/MaterialInstances/MI_Unlit_Blend.uasset" 617
"../../../Engine/Plugins/Interchange/Assets/Content/gltf/MaterialInstances/MI_Unlit_Blend.uexp" 618
"../../../Engine/Content/Functions/Engine_MaterialFunctions02/Math/Transform3x3Matrix.uasset" 619
"../../../Engine/Content/Functions/Engine_MaterialFunctions02/Math/Transform3x3Matrix.uexp" 620
"../../../Engine/Content/EngineMaterials/Good64x64TilingNoiseHighFreq.uasset" 621
"../../../Engine/Content/EngineMaterials/Good64x64TilingNoiseHighFreq.uexp" 622
"../../../Engine/Content/Functions/Engine_MaterialFunctions02/Texturing/ScreenAlignedPixelToPixelUVs.uasset" 623
"../../../Engine/Content/Functions/Engine_MaterialFunctions02/Texturing/ScreenAlignedPixelToPixelUVs.uexp" 624
"../../../Engine/Plugins/Interchange/Assets/Content/gltf/MaterialFunctions/MF_Temporal_Blur.uasset" 625
"../../../Engine/Plugins/Interchange/Assets/Content/gltf/MaterialFunctions/MF_Temporal_Blur.uexp" 626
"../../../Engine/Plugins/Interchange/Assets/Content/gltf/MaterialFunctions/MF_Specular.uasset" 627
"../../../Engine/Plugins/Interchange/Assets/Content/gltf/MaterialFunctions/MF_Specular.uexp" 628
"../../../Engine/Plugins/Interchange/Assets/Content/gltf/Textures/T_Anisotropy_Direction_Linear.uasset" 629
"../../../Engine/Plugins/Interchange/Assets/Content/gltf/Textures/T_Anisotropy_Direction_Linear.uexp" 630
"../../../Engine/Plugins/Interchange/Assets/Content/gltf/MaterialFunctions/MF_SpecularAnisotropy.uasset" 631
"../../../Engine/Plugins/Interchange/Assets/Content/gltf/MaterialFunctions/MF_SpecularAnisotropy.uexp" 632
"../../../Engine/Plugins/Interchange/Assets/Content/gltf/Textures/T_White_Linear.uasset" 633
"../../../Engine/Plugins/Interchange/Assets/Content/gltf/Textures/T_White_Linear.uexp" 634
"../../../Engine/Plugins/Interchange/Assets/Content/gltf/MaterialFunctions/MF_MetallicRoughness.uasset" 635
"../../../Engine/Plugins/Interchange/Assets/Content/gltf/MaterialFunctions/MF_MetallicRoughness.uexp" 636
"../../../Engine/Plugins/Interchange/Assets/Content/gltf/Textures/T_Generic_N.uasset" 637
"../../../Engine/Plugins/Interchange/Assets/Content/gltf/Textures/T_Generic_N.uexp" 638
"../../../Engine/Plugins/Interchange/Assets/Content/gltf/MaterialFunctions/MF_ScaleNormal.uasset" 639
"../../../Engine/Plugins/Interchange/Assets/Content/gltf/MaterialFunctions/MF_ScaleNormal.uexp" 640
"../../../Engine/Plugins/Interchange/Assets/Content/gltf/MaterialFunctions/MF_Fresnel_DS.uasset" 641
"../../../Engine/Plugins/Interchange/Assets/Content/gltf/MaterialFunctions/MF_Fresnel_DS.uexp" 642
"../../../Engine/Plugins/Interchange/Assets/Content/gltf/MaterialFunctions/MF_Iridescence.uasset" 643
"../../../Engine/Plugins/Interchange/Assets/Content/gltf/MaterialFunctions/MF_Iridescence.uexp" 644
"../../../Engine/Plugins/Interchange/Assets/Content/gltf/MaterialFunctions/MF_Occlusion.uasset" 645
"../../../Engine/Plugins/Interchange/Assets/Content/gltf/MaterialFunctions/MF_Occlusion.uexp" 646
"../../../Engine/Plugins/Interchange/Assets/Content/gltf/MaterialFunctions/MF_IOR.uasset" 647
"../../../Engine/Plugins/Interchange/Assets/Content/gltf/MaterialFunctions/MF_IOR.uexp" 648
"../../../Engine/Plugins/Interchange/Assets/Content/gltf/MaterialFunctions/MF_Transmission.uasset" 649
"../../../Engine/Plugins/Interchange/Assets/Content/gltf/MaterialFunctions/MF_Transmission.uexp" 650
"../../../Engine/Plugins/Interchange/Assets/Content/gltf/MaterialFunctions/MF_RotateNormals_TS.uasset" 651
"../../../Engine/Plugins/Interchange/Assets/Content/gltf/MaterialFunctions/MF_RotateNormals_TS.uexp" 652
"../../../Engine/Plugins/Interchange/Assets/Content/gltf/MaterialFunctions/MF_Normals.uasset" 653
"../../../Engine/Plugins/Interchange/Assets/Content/gltf/MaterialFunctions/MF_Normals.uexp" 654
"../../../Engine/Plugins/Interchange/Assets/Content/gltf/MaterialBodies/MF_Transmission_Body.uasset" 655
"../../../Engine/Plugins/Interchange/Assets/Content/gltf/MaterialBodies/MF_Transmission_Body.uexp" 656
"../../../Engine/Plugins/Interchange/Assets/Content/gltf/M_Transmission.uasset" 657
"../../../Engine/Plugins/Interchange/Assets/Content/gltf/M_Transmission.uexp" 658
"../../../Engine/Plugins/Interchange/Assets/Content/gltf/MaterialInstances/MI_Transmission_DS.uasset" 659
"../../../Engine/Plugins/Interchange/Assets/Content/gltf/MaterialInstances/MI_Transmission_DS.uexp" 660
"../../../Engine/Plugins/Interchange/Assets/Content/gltf/MaterialInstances/MI_Transmission.uasset" 661
"../../../Engine/Plugins/Interchange/Assets/Content/gltf/MaterialInstances/MI_Transmission.uexp" 662
"../../../Engine/Content/Functions/Engine_MaterialFunctions02/Math/AddComponents.uasset" 663
"../../../Engine/Content/Functions/Engine_MaterialFunctions02/Math/AddComponents.uexp" 664
"../../../Engine/Plugins/Interchange/Assets/Content/gltf/MaterialFunctions/MF_DiffuseSpecGloss.uasset" 665
"../../../Engine/Plugins/Interchange/Assets/Content/gltf/MaterialFunctions/MF_DiffuseSpecGloss.uexp" 666
"../../../Engine/Plugins/Interchange/Assets/Content/gltf/MaterialFunctions/MF_Emissive.uasset" 667
"../../../Engine/Plugins/Interchange/Assets/Content/gltf/MaterialFunctions/MF_Emissive.uexp" 668
"../../../Engine/Plugins/Interchange/Assets/Content/gltf/MaterialFunctions/MF_PerceivedBrightness.uasset" 669
"../../../Engine/Plugins/Interchange/Assets/Content/gltf/MaterialFunctions/MF_PerceivedBrightness.uexp" 670
"../../../Engine/Plugins/Interchange/Assets/Content/gltf/MaterialFunctions/MF_SpecGlossToMetalRoughness.uasset" 671
"../../../Engine/Plugins/Interchange/Assets/Content/gltf/MaterialFunctions/MF_SpecGlossToMetalRoughness.uexp" 672
"../../../Engine/Plugins/Interchange/Assets/Content/gltf/MaterialFunctions/MF_MaxComponentValue.uasset" 673
"../../../Engine/Plugins/Interchange/Assets/Content/gltf/MaterialFunctions/MF_MaxComponentValue.uexp" 674
"../../../Engine/Plugins/Interchange/Assets/Content/gltf/MaterialBodies/MF_SpecularGlossiness_Body.uasset" 675
"../../../Engine/Plugins/Interchange/Assets/Content/gltf/MaterialBodies/MF_SpecularGlossiness_Body.uexp" 676
"../../../Engine/Plugins/Interchange/Assets/Content/gltf/M_SpecularGlossiness.uasset" 677
"../../../Engine/Plugins/Interchange/Assets/Content/gltf/M_SpecularGlossiness.uexp" 678
"../../../Engine/Plugins/Interchange/Assets/Content/gltf/MaterialInstances/MI_SpecularGlossiness_Opaque_DS.uasset" 679
"../../../Engine/Plugins/Interchange/Assets/Content/gltf/MaterialInstances/MI_SpecularGlossiness_Opaque_DS.uexp" 680
"../../../Engine/Plugins/Interchange/Assets/Content/gltf/MaterialInstances/MI_SpecularGlossiness_Opaque.uasset" 681
"../../../Engine/Plugins/Interchange/Assets/Content/gltf/MaterialInstances/MI_SpecularGlossiness_Opaque.uexp" 682
"../../../Engine/Plugins/Interchange/Assets/Content/gltf/MaterialInstances/MI_SpecularGlossiness_Mask_DS.uasset" 683
"../../../Engine/Plugins/Interchange/Assets/Content/gltf/MaterialInstances/MI_SpecularGlossiness_Mask_DS.uexp" 684
"../../../Engine/Plugins/Interchange/Assets/Content/gltf/MaterialInstances/MI_SpecularGlossiness_Mask.uasset" 685
"../../../Engine/Plugins/Interchange/Assets/Content/gltf/MaterialInstances/MI_SpecularGlossiness_Mask.uexp" 686
"../../../Engine/Plugins/Interchange/Assets/Content/gltf/MaterialInstances/MI_SpecularGlossiness_Blend_DS.uasset" 687
"../../../Engine/Plugins/Interchange/Assets/Content/gltf/MaterialInstances/MI_SpecularGlossiness_Blend_DS.uexp" 688
"../../../Engine/Plugins/Interchange/Assets/Content/gltf/MaterialInstances/MI_SpecularGlossiness_Blend.uasset" 689
"../../../Engine/Plugins/Interchange/Assets/Content/gltf/MaterialInstances/MI_SpecularGlossiness_Blend.uexp" 690
"../../../Engine/Plugins/Interchange/Assets/Content/gltf/MaterialFunctions/MF_Sheen.uasset" 691
"../../../Engine/Plugins/Interchange/Assets/Content/gltf/MaterialFunctions/MF_Sheen.uexp" 692
"../../../Engine/Plugins/Interchange/Assets/Content/gltf/MaterialBodies/MF_Sheen_Body.uasset" 693
"../../../Engine/Plugins/Interchange/Assets/Content/gltf/MaterialBodies/MF_Sheen_Body.uexp" 694
"../../../Engine/Plugins/Interchange/Assets/Content/gltf/M_Sheen.uasset" 695
"../../../Engine/Plugins/Interchange/Assets/Content/gltf/M_Sheen.uexp" 696
"../../../Engine/Plugins/Interchange/Assets/Content/gltf/MaterialInstances/MI_Sheen_Opaque_DS.uasset" 697
"../../../Engine/Plugins/Interchange/Assets/Content/gltf/MaterialInstances/MI_Sheen_Opaque_DS.uexp" 698
"../../../Engine/Plugins/Interchange/Assets/Content/gltf/MaterialInstances/MI_Sheen_Opaque.uasset" 699
"../../../Engine/Plugins/Interchange/Assets/Content/gltf/MaterialInstances/MI_Sheen_Opaque.uexp" 700
"../../../Engine/Plugins/Interchange/Assets/Content/gltf/MaterialInstances/MI_Sheen_Mask_DS.uasset" 701
"../../../Engine/Plugins/Interchange/Assets/Content/gltf/MaterialInstances/MI_Sheen_Mask_DS.uexp" 702
"../../../Engine/Plugins/Interchange/Assets/Content/gltf/MaterialInstances/MI_Sheen_Mask.uasset" 703
"../../../Engine/Plugins/Interchange/Assets/Content/gltf/MaterialInstances/MI_Sheen_Mask.uexp" 704
"../../../Engine/Plugins/Interchange/Assets/Content/gltf/MaterialInstances/MI_Sheen_Blend_DS.uasset" 705
"../../../Engine/Plugins/Interchange/Assets/Content/gltf/MaterialInstances/MI_Sheen_Blend_DS.uexp" 706
"../../../Engine/Plugins/Interchange/Assets/Content/gltf/MaterialInstances/MI_Sheen_Blend.uasset" 707
"../../../Engine/Plugins/Interchange/Assets/Content/gltf/MaterialInstances/MI_Sheen_Blend.uexp" 708
"../../../Engine/Plugins/Interchange/Assets/Content/gltf/MaterialBodies/MF_Default_Body.uasset" 709
"../../../Engine/Plugins/Interchange/Assets/Content/gltf/MaterialBodies/MF_Default_Body.uexp" 710
"../../../Engine/Plugins/Interchange/Assets/Content/gltf/M_Default.uasset" 711
"../../../Engine/Plugins/Interchange/Assets/Content/gltf/M_Default.uexp" 712
"../../../Engine/Plugins/Interchange/Assets/Content/gltf/MaterialInstances/MI_Default_Opaque_DS.uasset" 713
"../../../Engine/Plugins/Interchange/Assets/Content/gltf/MaterialInstances/MI_Default_Opaque_DS.uexp" 714
"../../../Engine/Plugins/Interchange/Assets/Content/gltf/MaterialInstances/MI_Default_Opaque.uasset" 715
"../../../Engine/Plugins/Interchange/Assets/Content/gltf/MaterialInstances/MI_Default_Opaque.uexp" 716
"../../../Engine/Plugins/Interchange/Assets/Content/gltf/MaterialInstances/MI_Default_Mask_DS.uasset" 717
"../../../Engine/Plugins/Interchange/Assets/Content/gltf/MaterialInstances/MI_Default_Mask_DS.uexp" 718
"../../../Engine/Plugins/Interchange/Assets/Content/gltf/MaterialInstances/MI_Default_Mask.uasset" 719
"../../../Engine/Plugins/Interchange/Assets/Content/gltf/MaterialInstances/MI_Default_Mask.uexp" 720
"../../../Engine/Plugins/Interchange/Assets/Content/gltf/MaterialInstances/MI_Default_Blend_DS.uasset" 721
"../../../Engine/Plugins/Interchange/Assets/Content/gltf/MaterialInstances/MI_Default_Blend_DS.uexp" 722
"../../../Engine/Plugins/Interchange/Assets/Content/gltf/MaterialInstances/MI_Default_Blend.uasset" 723
"../../../Engine/Plugins/Interchange/Assets/Content/gltf/MaterialInstances/MI_Default_Blend.uexp" 724
"../../../Engine/Content/Functions/Engine_MaterialFunctions01/Texturing/FlattenNormal.uasset" 725
"../../../Engine/Content/Functions/Engine_MaterialFunctions01/Texturing/FlattenNormal.uexp" 726
"../../../Engine/Plugins/Interchange/Assets/Content/gltf/MaterialFunctions/MF_Clearcoat.uasset" 727
"../../../Engine/Plugins/Interchange/Assets/Content/gltf/MaterialFunctions/MF_Clearcoat.uexp" 728
"../../../Engine/Plugins/Interchange/Assets/Content/gltf/MaterialBodies/MF_ClearCoat_Body.uasset" 729
"../../../Engine/Plugins/Interchange/Assets/Content/gltf/MaterialBodies/MF_ClearCoat_Body.uexp" 730
"../../../Engine/Plugins/Interchange/Assets/Content/gltf/M_ClearCoat.uasset" 731
"../../../Engine/Plugins/Interchange/Assets/Content/gltf/M_ClearCoat.uexp" 732
"../../../Engine/Plugins/Interchange/Assets/Content/gltf/MaterialInstances/MI_ClearCoat_Opaque_DS.uasset" 733
"../../../Engine/Plugins/Interchange/Assets/Content/gltf/MaterialInstances/MI_ClearCoat_Opaque_DS.uexp" 734
"../../../Engine/Plugins/Interchange/Assets/Content/gltf/MaterialInstances/MI_ClearCoat_Opaque.uasset" 735
"../../../Engine/Plugins/Interchange/Assets/Content/gltf/MaterialInstances/MI_ClearCoat_Opaque.uexp" 736
"../../../Engine/Plugins/Interchange/Assets/Content/gltf/MaterialInstances/MI_ClearCoat_Mask_DS.uasset" 737
"../../../Engine/Plugins/Interchange/Assets/Content/gltf/MaterialInstances/MI_ClearCoat_Mask_DS.uexp" 738
"../../../Engine/Plugins/Interchange/Assets/Content/gltf/MaterialInstances/MI_ClearCoat_Mask.uasset" 739
"../../../Engine/Plugins/Interchange/Assets/Content/gltf/MaterialInstances/MI_ClearCoat_Mask.uexp" 740
"../../../Engine/Plugins/Interchange/Assets/Content/gltf/MaterialInstances/MI_ClearCoat_Blend_DS.uasset" 741
"../../../Engine/Plugins/Interchange/Assets/Content/gltf/MaterialInstances/MI_ClearCoat_Blend_DS.uexp" 742
"../../../Engine/Plugins/Interchange/Assets/Content/gltf/MaterialInstances/MI_ClearCoat_Blend.uasset" 743
"../../../Engine/Plugins/Interchange/Assets/Content/gltf/MaterialInstances/MI_ClearCoat_Blend.uexp" 744
"../../../Engine/Content/VREditor/TransformGizmo/Main.uasset" 745
"../../../Engine/Content/VREditor/TransformGizmo/Main.uexp" 746
"../../../Engine/Content/VREditor/TransformGizmo/Xray.uasset" 747
"../../../Engine/Content/VREditor/TransformGizmo/Xray.uexp" 748
"../../../Engine/Content/VREditor/TransformGizmo/SM_Sequencer_Node.ubulk" 749
"../../../Engine/Content/VREditor/TransformGizmo/SM_Sequencer_Node.uasset" 750
"../../../Engine/Content/VREditor/TransformGizmo/SM_Sequencer_Node.uexp" 751
"../../../Engine/Content/VREditor/LaserPointer/VR_LaserPower_01.ubulk" 752
"../../../Engine/Content/VREditor/LaserPointer/VR_LaserPower_01.uasset" 753
"../../../Engine/Content/VREditor/LaserPointer/VR_LaserPower_01.uexp" 754
"../../../Engine/Content/VREditor/TransformGizmo/TransformGizmoMaterial.uasset" 755
"../../../Engine/Content/VREditor/TransformGizmo/TransformGizmoMaterial.uexp" 756
"../../../Engine/Content/VREditor/TransformGizmo/TranslucentTransformGizmoMaterial.uasset" 757
"../../../Engine/Content/VREditor/TransformGizmo/TranslucentTransformGizmoMaterial.uexp" 758
"../../../Engine/Content/VREditor/TransformGizmo/BoundingBoxEdge.ubulk" 759
"../../../Engine/Content/VREditor/TransformGizmo/BoundingBoxEdge.uasset" 760
"../../../Engine/Content/VREditor/TransformGizmo/BoundingBoxEdge.uexp" 761
"../../../Engine/Content/VREditor/TransformGizmo/BoundingBoxCorner.ubulk" 762
"../../../Engine/Content/VREditor/TransformGizmo/BoundingBoxCorner.uasset" 763
"../../../Engine/Content/VREditor/TransformGizmo/BoundingBoxCorner.uexp" 764
"../../../Engine/Content/EngineSky/VolumetricClouds/T_CloudMask.ubulk" 765
"../../../Engine/Content/EngineSky/VolumetricClouds/T_CloudMask.uasset" 766
"../../../Engine/Content/EngineSky/VolumetricClouds/T_CloudMask.uexp" 767
"../../../Engine/Content/EngineSky/VolumetricClouds/VT_Lightning.uasset" 768
"../../../Engine/Content/EngineSky/VolumetricClouds/VT_Lightning.uexp" 769
"../../../Engine/Content/EngineSky/VolumetricClouds/T_Profile_08.ubulk" 770
"../../../Engine/Content/EngineSky/VolumetricClouds/T_Profile_08.uasset" 771
"../../../Engine/Content/EngineSky/VolumetricClouds/T_Profile_08.uexp" 772
"../../../Engine/Content/Functions/Engine_MaterialFunctions02/Utility/MakeFloat4.uasset" 773
"../../../Engine/Content/Functions/Engine_MaterialFunctions02/Utility/MakeFloat4.uexp" 774
"../../../Engine/Content/Functions/Engine_MaterialFunctions01/Units/Km-to-Cm.uasset" 775
"../../../Engine/Content/Functions/Engine_MaterialFunctions01/Units/Km-to-Cm.uexp" 776
"../../../Engine/Content/Functions/Engine_MaterialFunctions02/Utility/BreakOutFloat4Components.uasset" 777
"../../../Engine/Content/Functions/Engine_MaterialFunctions02/Utility/BreakOutFloat4Components.uexp" 778
"../../../Engine/Content/EngineSky/VolumetricClouds/T_CloudPattern.ubulk" 779
"../../../Engine/Content/EngineSky/VolumetricClouds/T_CloudPattern.uasset" 780
"../../../Engine/Content/EngineSky/VolumetricClouds/T_CloudPattern.uexp" 781
"../../../Engine/Content/EngineSky/VolumetricClouds/VT_PerlinWorley_Balanced.uasset" 782
"../../../Engine/Content/EngineSky/VolumetricClouds/VT_PerlinWorley_Balanced.uexp" 783
"../../../Engine/Content/EngineSky/VolumetricClouds/m_SimpleVolumetricCloud.uasset" 784
"../../../Engine/Content/EngineSky/VolumetricClouds/m_SimpleVolumetricCloud.uexp" 785
"../../../Engine/Content/EngineSky/VolumetricClouds/m_SimpleVolumetricCloud_Inst.uasset" 786
"../../../Engine/Content/EngineSky/VolumetricClouds/m_SimpleVolumetricCloud_Inst.uexp" 787
"../../../Engine/Content/EngineResources/FilmGrains/Marcie_Grain_v3_128_M2_000.uasset" 788
"../../../Engine/Content/EngineResources/FilmGrains/Marcie_Grain_v3_128_M2_000.uexp" 789
"../../../Engine/Content/EngineMaterials/LTC/Sheen_LTC.uasset" 790
"../../../Engine/Content/EngineMaterials/LTC/Sheen_LTC.uexp" 791
"../../../Engine/Content/EngineMaterials/LTC/GGX_LTCMat.uasset" 792
"../../../Engine/Content/EngineMaterials/LTC/GGX_LTCMat.uexp" 793
"../../../Engine/Content/EngineMaterials/LTC/GGX_LTCAmp.uasset" 794
"../../../Engine/Content/EngineMaterials/LTC/GGX_LTCAmp.uexp" 795
"../../../Engine/Content/EngineMaterials/EnergyConservation/Sheen_Energy.uasset" 796
"../../../Engine/Content/EngineMaterials/EnergyConservation/Sheen_Energy.uexp" 797
"../../../Engine/Content/EngineMaterials/EnergyConservation/SheenLegacy_Energy.uasset" 798
"../../../Engine/Content/EngineMaterials/EnergyConservation/SheenLegacy_Energy.uexp" 799
"../../../Engine/Content/EngineMaterials/EnergyConservation/GGX_TransmissionEnergyArray.uasset" 800
"../../../Engine/Content/EngineMaterials/EnergyConservation/GGX_TransmissionEnergyArray.uexp" 801
"../../../Engine/Content/EngineMaterials/EnergyConservation/GGX_ReflectionEnergy.uasset" 802
"../../../Engine/Content/EngineMaterials/EnergyConservation/GGX_ReflectionEnergy.uexp" 803
"../../../Engine/Content/EngineMaterials/EnergyConservation/Diffuse_Energy.uasset" 804
"../../../Engine/Content/EngineMaterials/EnergyConservation/Diffuse_Energy.uexp" 805
"../../../Engine/Content/EditorResources/SequenceRecorder/RecordingIndicator.uasset" 806
"../../../Engine/Content/EditorResources/SequenceRecorder/RecordingIndicator.uexp" 807
"../../../Engine/Content/EditorResources/SequenceRecorder/Countdown.uasset" 808
"../../../Engine/Content/EditorResources/SequenceRecorder/Countdown.uexp" 809
"../../../Engine/Content/EditorMaterials/Camera/CineMat.uasset" 810
"../../../Engine/Content/EditorMaterials/Camera/CineMat.uexp" 811
"../../../Engine/Content/EditorMaterials/Camera/MI_CineMat_Rig.uasset" 812
"../../../Engine/Content/EditorMaterials/Camera/MI_CineMat_Rig.uexp" 813
"../../../Engine/Content/EditorMeshes/Camera/SM_RailRig_Track.ubulk" 814
"../../../Engine/Content/EditorMeshes/Camera/SM_RailRig_Track.uasset" 815
"../../../Engine/Content/EditorMeshes/Camera/SM_RailRig_Track.uexp" 816
"../../../Engine/Content/EditorMeshes/Camera/SM_RailRig_Mount.ubulk" 817
"../../../Engine/Content/EditorMeshes/Camera/SM_RailRig_Mount.uasset" 818
"../../../Engine/Content/EditorMeshes/Camera/SM_RailRig_Mount.uexp" 819
"../../../Engine/Content/EditorMeshes/Camera/SM_CraneRig_Mount.ubulk" 820
"../../../Engine/Content/EditorMeshes/Camera/SM_CraneRig_Mount.uasset" 821
"../../../Engine/Content/EditorMeshes/Camera/SM_CraneRig_Mount.uexp" 822
"../../../Engine/Content/EditorMeshes/Camera/SM_CraneRig_Body.ubulk" 823
"../../../Engine/Content/EditorMeshes/Camera/SM_CraneRig_Body.uasset" 824
"../../../Engine/Content/EditorMeshes/Camera/SM_CraneRig_Body.uexp" 825
"../../../Engine/Content/EditorMeshes/Camera/SM_CraneRig_Base.ubulk" 826
"../../../Engine/Content/EditorMeshes/Camera/SM_CraneRig_Base.uasset" 827
"../../../Engine/Content/EditorMeshes/Camera/SM_CraneRig_Base.uexp" 828
"../../../Engine/Content/EditorMeshes/Camera/SM_CraneRig_Arm.ubulk" 829
"../../../Engine/Content/EditorMeshes/Camera/SM_CraneRig_Arm.uasset" 830
"../../../Engine/Content/EditorMeshes/Camera/SM_CraneRig_Arm.uexp" 831
"../../../Engine/Content/EditorMaterials/ParticleSystems/PSysThumbnail_OOD.ubulk" 832
"../../../Engine/Content/EditorMaterials/ParticleSystems/PSysThumbnail_OOD.uasset" 833
"../../../Engine/Content/EditorMaterials/ParticleSystems/PSysThumbnail_OOD.uexp" 834
"../../../Engine/Content/EditorMaterials/ParticleSystems/PSysThumbnail_NoImage.ubulk" 835
"../../../Engine/Content/EditorMaterials/ParticleSystems/PSysThumbnail_NoImage.uasset" 836
"../../../Engine/Content/EditorMaterials/ParticleSystems/PSysThumbnail_NoImage.uexp" 837
"../../../Engine/Content/EditorMaterials/Dataflow/DataflowVertexMaterial.uasset" 838
"../../../Engine/Content/EditorMaterials/Dataflow/DataflowVertexMaterial.uexp" 839
"../../../Engine/Content/EditorMaterials/Dataflow/DataflowTwoSidedVertexMaterial.uasset" 840
"../../../Engine/Content/EditorMaterials/Dataflow/DataflowTwoSidedVertexMaterial.uexp" 841
"../../../Engine/Content/EngineMaterials/Substrate/Volume/SubstrateSimpleVolumeLUT3D.uasset" 842
"../../../Engine/Content/EngineMaterials/Substrate/Volume/SubstrateSimpleVolumeLUT3D.uexp" 843
"../../../Engine/Content/EngineMaterials/Substrate/Volume/SubstrateSimpleVolumeEnvLUT3D.uasset" 844
"../../../Engine/Content/EngineMaterials/Substrate/Volume/SubstrateSimpleVolumeEnvLUT3D.uexp" 845
"../../../Engine/Content/EngineMaterials/Substrate/GLints2/AGlintTex2dArray2.uasset" 846
"../../../Engine/Content/EngineMaterials/Substrate/GLints2/AGlintTex2dArray2.uexp" 847
"../../../Engine/Content/EngineMaterials/Substrate/GLints/AGlintTex2dArray.uasset" 848
"../../../Engine/Content/EngineMaterials/Substrate/GLints/AGlintTex2dArray.uexp" 849
"../../../Engine/Content/ArtTools/RenderToTexture/Meshes/S_1_Unit_Plane.ubulk" 850
"../../../Engine/Content/ArtTools/RenderToTexture/Meshes/S_1_Unit_Plane.uasset" 851
"../../../Engine/Content/ArtTools/RenderToTexture/Meshes/S_1_Unit_Plane.uexp" 852
"../../../Engine/Content/Functions/Engine_MaterialFunctions01/Shading/PowerToRoughness.uasset" 853
"../../../Engine/Content/Functions/Engine_MaterialFunctions01/Shading/PowerToRoughness.uexp" 854
"../../../Engine/Content/Functions/Engine_MaterialFunctions01/Shading/ConvertFromDiffSpec.uasset" 855
"../../../Engine/Content/Functions/Engine_MaterialFunctions01/Shading/ConvertFromDiffSpec.uexp" 856
"../../../Engine/Content/EngineResources/LandscapeVisibilityLayerInfo.uasset" 857
"../../../Engine/Content/EngineResources/LandscapeVisibilityLayerInfo.uexp" 858
"../../../Engine/Content/VREditor/TransformGizmo/StartRotationHandleIndicator.ubulk" 859
"../../../Engine/Content/VREditor/TransformGizmo/StartRotationHandleIndicator.uasset" 860
"../../../Engine/Content/VREditor/TransformGizmo/StartRotationHandleIndicator.uexp" 861
"../../../Engine/Content/VREditor/Sounds/UI/Drop_Item_From_ContentBrowser.ubulk" 862
"../../../Engine/Content/VREditor/Sounds/UI/Drop_Item_From_ContentBrowser.uasset" 863
"../../../Engine/Content/VREditor/Sounds/UI/Drop_Item_From_ContentBrowser.uexp" 864
"../../../Engine/Content/VREditor/TransformGizmo/PlaneTranslationHandle.ubulk" 865
"../../../Engine/Content/VREditor/TransformGizmo/PlaneTranslationHandle.uasset" 866
"../../../Engine/Content/VREditor/TransformGizmo/PlaneTranslationHandle.uexp" 867
"../../../Engine/Content/VREditor/Sounds/UI/Object_Snaps_To_Grid.ubulk" 868
"../../../Engine/Content/VREditor/Sounds/UI/Object_Snaps_To_Grid.uasset" 869
"../../../Engine/Content/VREditor/Sounds/UI/Object_Snaps_To_Grid.uexp" 870
"../../../Engine/Content/VREditor/Sounds/UI/Selection_Changes.ubulk" 871
"../../../Engine/Content/VREditor/Sounds/UI/Selection_Changes.uasset" 872
"../../../Engine/Content/VREditor/Sounds/UI/Selection_Changes.uexp" 873
"../../../Engine/Content/VREditor/Sounds/UI/Object_Snaps_To_Another_Actor.ubulk" 874
"../../../Engine/Content/VREditor/Sounds/UI/Object_Snaps_To_Another_Actor.uasset" 875
"../../../Engine/Content/VREditor/Sounds/UI/Object_Snaps_To_Another_Actor.uexp" 876
"../../../Engine/Content/VREditor/TransformGizmo/TranslucentTransformGizmoMaterial_Inst.uasset" 877
"../../../Engine/Content/VREditor/TransformGizmo/TranslucentTransformGizmoMaterial_Inst.uexp" 878
"../../../Engine/Content/VREditor/TransformGizmo/TransformGizmoFreeRotation.ubulk" 879
"../../../Engine/Content/VREditor/TransformGizmo/TransformGizmoFreeRotation.uasset" 880
"../../../Engine/Content/VREditor/TransformGizmo/TransformGizmoFreeRotation.uexp" 881
"../../../Engine/Content/VREditor/Sounds/UI/Scaling_Down.ubulk" 882
"../../../Engine/Content/VREditor/Sounds/UI/Scaling_Down.uasset" 883
"../../../Engine/Content/VREditor/Sounds/UI/Scaling_Down.uexp" 884
"../../../Engine/Content/Functions/Engine_MaterialFunctions02/SplitComponents.uasset" 885
"../../../Engine/Content/Functions/Engine_MaterialFunctions02/SplitComponents.uexp" 886
"../../../Engine/Content/VREditor/SnapGrid/SnapGridMaterial.uasset" 887
"../../../Engine/Content/VREditor/SnapGrid/SnapGridMaterial.uexp" 888
"../../../Engine/Content/VREditor/SnapGrid/SnapGridPlaneMesh.ubulk" 889
"../../../Engine/Content/VREditor/SnapGrid/SnapGridPlaneMesh.uasset" 890
"../../../Engine/Content/VREditor/SnapGrid/SnapGridPlaneMesh.uexp" 891
"../../../Engine/Content/VREditor/Sounds/UI/Scaling_Up.ubulk" 892
"../../../Engine/Content/VREditor/Sounds/UI/Scaling_Up.uasset" 893
"../../../Engine/Content/VREditor/Sounds/UI/Scaling_Up.uexp" 894
"../../../Engine/Content/VREditor/TransformGizmo/TransformGizmoMaterial_Inst.uasset" 895
"../../../Engine/Content/VREditor/TransformGizmo/TransformGizmoMaterial_Inst.uexp" 896
"../../../Engine/Content/VREditor/Sounds/UI/Gizmo_Handle_Clicked.ubulk" 897
"../../../Engine/Content/VREditor/Sounds/UI/Gizmo_Handle_Clicked.uasset" 898
"../../../Engine/Content/VREditor/Sounds/UI/Gizmo_Handle_Clicked.uexp" 899
"../../../Engine/Content/VREditor/TransformGizmo/RotationHandleQuarter.ubulk" 900
"../../../Engine/Content/VREditor/TransformGizmo/RotationHandleQuarter.uasset" 901
"../../../Engine/Content/VREditor/TransformGizmo/RotationHandleQuarter.uexp" 902
"../../../Engine/Content/VREditor/TransformGizmo/TranslateArrowHandle.ubulk" 903
"../../../Engine/Content/VREditor/TransformGizmo/TranslateArrowHandle.uasset" 904
"../../../Engine/Content/VREditor/TransformGizmo/TranslateArrowHandle.uexp" 905
"../../../Engine/Content/VREditor/TransformGizmo/RotationHandleIndicator.ubulk" 906
"../../../Engine/Content/VREditor/TransformGizmo/RotationHandleIndicator.uasset" 907
"../../../Engine/Content/VREditor/TransformGizmo/RotationHandleIndicator.uexp" 908
"../../../Engine/Content/VREditor/TransformGizmo/UniformScaleHandle.ubulk" 909
"../../../Engine/Content/VREditor/TransformGizmo/UniformScaleHandle.uasset" 910
"../../../Engine/Content/VREditor/TransformGizmo/UniformScaleHandle.uexp" 911
"../../../Engine/Content/VREditor/TransformGizmo/RotationHandleFull.ubulk" 912
"../../../Engine/Content/VREditor/TransformGizmo/RotationHandleFull.uasset" 913
"../../../Engine/Content/VREditor/TransformGizmo/RotationHandleFull.uexp" 914
"../../../Engine/Content/VREditor/Sounds/UI/Object_PickUp.ubulk" 915
"../../../Engine/Content/VREditor/Sounds/UI/Object_PickUp.uasset" 916
"../../../Engine/Content/VREditor/Sounds/UI/Object_PickUp.uexp" 917
"../../../Engine/Plugins/Animation/DeformerGraph/Content/DeformerFunctions/DG_Function_ComputeNormalsTangents.uasset" 918
"../../../Engine/Plugins/Animation/DeformerGraph/Content/DeformerFunctions/DG_Function_ComputeNormalsTangents.uexp" 919
"../../../Engine/Plugins/Animation/DeformerGraph/Content/DeformerFunctions/DG_Function_LinearBlendSkin_Morph_Cloth.uasset" 920
"../../../Engine/Plugins/Animation/DeformerGraph/Content/DeformerFunctions/DG_Function_LinearBlendSkin_Morph_Cloth.uexp" 921
"../../../Engine/Plugins/Animation/DeformerGraph/Content/DeformerFunctions/DG_Function_LinearBlendSkin_Morph_Cloth_PositionOnly.uasset" 922
"../../../Engine/Plugins/Animation/DeformerGraph/Content/DeformerFunctions/DG_Function_LinearBlendSkin_Morph_Cloth_PositionOnly.uexp" 923
"../../../Engine/Plugins/Animation/DeformerGraph/Content/Deformers/DG_LinearBlendSkin_Morph_Cloth.uasset" 924
"../../../Engine/Plugins/Animation/DeformerGraph/Content/Deformers/DG_LinearBlendSkin_Morph_Cloth.uexp" 925
"../../../Engine/Plugins/Animation/DeformerGraph/Content/Deformers/DG_LinearBlendSkin_Morph_Cloth_RecomputeNormals.uasset" 926
"../../../Engine/Plugins/Animation/DeformerGraph/Content/Deformers/DG_LinearBlendSkin_Morph_Cloth_RecomputeNormals.uexp" 927
"C:/Users/marce/Desktop/Mobile/ballgame/Content/GUI/MainMenu.uasset" 928
"C:/Users/marce/Desktop/Mobile/ballgame/Content/GUI/MainMenu.uexp" 929
"C:/Users/marce/Desktop/Mobile/ballgame/Content/Scenes/MenuMode.uasset" 930
"C:/Users/marce/Desktop/Mobile/ballgame/Content/Scenes/MenuMode.uexp" 931
"C:/Users/marce/Desktop/Mobile/ballgame/Content/Scenes/MainScreen.uexp" 932
"C:/Users/marce/Desktop/Mobile/ballgame/Content/Scenes/MainScreen.umap" 933
"../../../Engine/Content/Maps/Entry_BuiltData.uasset" 934
"../../../Engine/Content/Maps/Entry_BuiltData.uexp" 935
"../../../Engine/Content/Maps/Entry.uexp" 936
"../../../Engine/Content/Maps/Entry.umap" 937
